Archive member included to satisfy reference by file (symbol)

../ass1v2_bsp/\libhal_bsp.a(alt_load.o)
                              ../ass1v2_bsp//obj/HAL/src/crt0.o (alt_load)
../ass1v2_bsp/\libhal_bsp.a(alt_main.o)
                              ../ass1v2_bsp//obj/HAL/src/crt0.o (alt_main)
../ass1v2_bsp/\libhal_bsp.a(alt_sys_init.o)
                              ../ass1v2_bsp/\libhal_bsp.a(alt_main.o) (alt_irq_init)
../ass1v2_bsp/\libhal_bsp.a(altera_avalon_jtag_uart_fd.o)
                              ../ass1v2_bsp/\libhal_bsp.a(alt_sys_init.o) (altera_avalon_jtag_uart_read_fd)
../ass1v2_bsp/\libhal_bsp.a(altera_avalon_jtag_uart_init.o)
                              ../ass1v2_bsp/\libhal_bsp.a(alt_sys_init.o) (altera_avalon_jtag_uart_init)
../ass1v2_bsp/\libhal_bsp.a(altera_avalon_jtag_uart_ioctl.o)
                              ../ass1v2_bsp/\libhal_bsp.a(altera_avalon_jtag_uart_fd.o) (altera_avalon_jtag_uart_ioctl)
../ass1v2_bsp/\libhal_bsp.a(altera_avalon_jtag_uart_read.o)
                              ../ass1v2_bsp/\libhal_bsp.a(altera_avalon_jtag_uart_fd.o) (altera_avalon_jtag_uart_read)
../ass1v2_bsp/\libhal_bsp.a(altera_avalon_jtag_uart_write.o)
                              ../ass1v2_bsp/\libhal_bsp.a(altera_avalon_jtag_uart_fd.o) (altera_avalon_jtag_uart_write)
../ass1v2_bsp/\libhal_bsp.a(altera_avalon_lcd_16207.o)
                              ../ass1v2_bsp/\libhal_bsp.a(alt_sys_init.o) (altera_avalon_lcd_16207_init)
../ass1v2_bsp/\libhal_bsp.a(altera_avalon_lcd_16207_fd.o)
                              ../ass1v2_bsp/\libhal_bsp.a(alt_sys_init.o) (altera_avalon_lcd_16207_write_fd)
../ass1v2_bsp/\libhal_bsp.a(altera_avalon_timer_sc.o)
                              ../ass1v2_bsp/\libhal_bsp.a(alt_sys_init.o) (alt_avalon_timer_sc_init)
../ass1v2_bsp/\libhal_bsp.a(altera_avalon_uart_fd.o)
                              ../ass1v2_bsp/\libhal_bsp.a(alt_sys_init.o) (altera_avalon_uart_read_fd)
../ass1v2_bsp/\libhal_bsp.a(altera_avalon_uart_init.o)
                              ../ass1v2_bsp/\libhal_bsp.a(alt_sys_init.o) (altera_avalon_uart_init)
../ass1v2_bsp/\libhal_bsp.a(altera_avalon_uart_read.o)
                              ../ass1v2_bsp/\libhal_bsp.a(altera_avalon_uart_fd.o) (altera_avalon_uart_read)
../ass1v2_bsp/\libhal_bsp.a(altera_avalon_uart_write.o)
                              ../ass1v2_bsp/\libhal_bsp.a(altera_avalon_uart_fd.o) (altera_avalon_uart_write)
../ass1v2_bsp/\libhal_bsp.a(alt_alarm_start.o)
                              ../ass1v2_bsp/\libhal_bsp.a(altera_avalon_jtag_uart_init.o) (alt_alarm_start)
../ass1v2_bsp/\libhal_bsp.a(alt_close.o)
                              ../ass1v2_bsp/\libhal_bsp.a(alt_main.o) (close)
../ass1v2_bsp/\libhal_bsp.a(alt_dcache_flush_all.o)
                              ../ass1v2_bsp/\libhal_bsp.a(alt_load.o) (alt_dcache_flush_all)
../ass1v2_bsp/\libhal_bsp.a(alt_dev.o)
                              ../ass1v2_bsp/\libhal_bsp.a(alt_sys_init.o) (alt_dev_list)
../ass1v2_bsp/\libhal_bsp.a(alt_dev_llist_insert.o)
                              ../ass1v2_bsp/\libhal_bsp.a(alt_sys_init.o) (alt_dev_llist_insert)
../ass1v2_bsp/\libhal_bsp.a(alt_do_ctors.o)
                              ../ass1v2_bsp/\libhal_bsp.a(alt_main.o) (_do_ctors)
../ass1v2_bsp/\libhal_bsp.a(alt_do_dtors.o)
                              ../ass1v2_bsp/\libhal_bsp.a(alt_main.o) (_do_dtors)
../ass1v2_bsp/\libhal_bsp.a(alt_errno.o)
                              ../ass1v2_bsp/\libhal_bsp.a(altera_avalon_uart_read.o) (alt_errno)
../ass1v2_bsp/\libhal_bsp.a(alt_icache_flush_all.o)
                              ../ass1v2_bsp/\libhal_bsp.a(alt_load.o) (alt_icache_flush_all)
../ass1v2_bsp/\libhal_bsp.a(alt_iic.o)
                              ../ass1v2_bsp/\libhal_bsp.a(altera_avalon_jtag_uart_init.o) (alt_ic_isr_register)
../ass1v2_bsp/\libhal_bsp.a(alt_iic_isr_register.o)
                              ../ass1v2_bsp/\libhal_bsp.a(alt_iic.o) (alt_iic_isr_register)
../ass1v2_bsp/\libhal_bsp.a(alt_io_redirect.o)
                              ../ass1v2_bsp/\libhal_bsp.a(alt_main.o) (alt_io_redirect)
../ass1v2_bsp/\libhal_bsp.a(alt_irq_entry.o)
                              ../ass1v2_bsp/\libhal_bsp.a(alt_iic_isr_register.o) (alt_irq_entry)
../ass1v2_bsp/\libhal_bsp.a(alt_irq_handler.o)
                              ../ass1v2_bsp/\libhal_bsp.a(alt_iic_isr_register.o) (alt_irq)
../ass1v2_bsp/\libhal_bsp.a(alt_irq_vars.o)
                              ../ass1v2_bsp/\libhal_bsp.a(alt_iic.o) (alt_irq_active)
../ass1v2_bsp/\libhal_bsp.a(alt_open.o)
                              ../ass1v2_bsp/\libhal_bsp.a(alt_io_redirect.o) (open)
../ass1v2_bsp/\libhal_bsp.a(alt_release_fd.o)
                              ../ass1v2_bsp/\libhal_bsp.a(alt_close.o) (alt_release_fd)
../ass1v2_bsp/\libhal_bsp.a(alt_tick.o)
                              ../ass1v2_bsp/\libhal_bsp.a(altera_avalon_jtag_uart_init.o) (_alt_tick_rate)
../ass1v2_bsp/\libhal_bsp.a(alt_usleep.o)
[...]
Memory Configuration

Name             Origin             Length             Attributes
reset            0x0000000000800000 0x0000000000000020
sdram            0x0000000000800020 0x00000000007fffe0
onchip_mem       0x0000000001008000 0x0000000000007800
*default*        0x0000000000000000 0xffffffffffffffff

Linker script and memory map

LOAD ../ass1v2_bsp//obj/HAL/src/crt0.o
LOAD c:/intelfpga/16.1/nios2eds/bin/gnu/h-x86_64-mingw32/bin/../lib/gcc/nios2-elf/5.3.0/../../../../../H-x86_64-mingw32/nios2-elf/lib\libstdc++.a
LOAD c:/intelfpga/16.1/nios2eds/bin/gnu/h-x86_64-mingw32/bin/../lib/gcc/nios2-elf/5.3.0/../../../../../H-x86_64-mingw32/nios2-elf/lib\libm.a
LOAD c:/intelfpga/16.1/nios2eds/bin/gnu/h-x86_64-mingw32/bin/../lib/gcc/nios2-elf/5.3.0\libgcc.a
START GROUP
LOAD c:/intelfpga/16.1/nios2eds/bin/gnu/h-x86_64-mingw32/bin/../lib/gcc/nios2-elf/5.3.0/../../../../../H-x86_64-mingw32/nios2-elf/lib\libc.a
LOAD c:/intelfpga/16.1/nios2eds/bin/gnu/h-x86_64-mingw32/bin/../lib/gcc/nios2-elf/5.3.0\libgcc.a
LOAD ../ass1v2_bsp/\libhal_bsp.a
LOAD c:/intelfpga/16.1/nios2eds/bin/gnu/h-x86_64-mingw32/bin/../lib/gcc/nios2-elf/5.3.0/../../../../../H-x86_64-mingw32/nios2-elf/lib\libm.a
END GROUP
LOAD c:/intelfpga/16.1/nios2eds/bin/gnu/h-x86_64-mingw32/bin/../lib/gcc/nios2-elf/5.3.0\libgcc.a
                0x0000000000800000                __alt_mem_sdram = 0x800000
                0x0000000001008000                __alt_mem_onchip_mem = 0x1008000

.entry          0x0000000000800000       0x20
 *(.entry)
 .entry         0x0000000000800000       0x20 ../ass1v2_bsp//obj/HAL/src/crt0.o
                0x0000000000800000                __reset

.exceptions     0x0000000000800020      0x224
                0x0000000000800020                PROVIDE (__ram_exceptions_start, ABSOLUTE (.))
                0x0000000000800020                . = ALIGN (0x20)
 *(.irq)
 *(.exceptions.entry.label)
 .exceptions.entry.label
                0x0000000000800020        0x0 ../ass1v2_bsp/\libhal_bsp.a(alt_irq_entry.o)
                0x0000000000800020                alt_irq_entry
 .exceptions.entry.label
                0x0000000000800020        0x0 ../ass1v2_bsp/\libhal_bsp.a(alt_exception_entry.o)
                0x0000000000800020                alt_exception
 *(.exceptions.entry.user)
 *(.exceptions.entry.ecc_fatal)
 *(.exceptions.entry)
 .exceptions.entry
                0x0000000000800020       0x54 ../ass1v2_bsp/\libhal_bsp.a(alt_exception_entry.o)
 *(.exceptions.irqtest.user)
 *(.exceptions.irqtest)
 .exceptions.irqtest
                0x0000000000800074       0x10 ../ass1v2_bsp/\libhal_bsp.a(alt_irq_entry.o)
 *(.exceptions.irqhandler.user)
 *(.exceptions.irqhandler)
 .exceptions.irqhandler
                0x0000000000800084        0x4 ../ass1v2_bsp/\libhal_bsp.a(alt_irq_entry.o)
 *(.exceptions.irqreturn.user)
 *(.exceptions.irqreturn)
 .exceptions.irqreturn
                0x0000000000800088        0x4 ../ass1v2_bsp/\libhal_bsp.a(alt_irq_entry.o)
 *(.exceptions.notirq.label)
 .exceptions.notirq.label
                0x000000000080008c        0x0 ../ass1v2_bsp/\libhal_bsp.a(alt_irq_entry.o)
 *(.exceptions.notirq.user)
 *(.exceptions.notirq)
 .exceptions.notirq
                0x000000000080008c        0x8 ../ass1v2_bsp/\libhal_bsp.a(alt_exception_entry.o)
 *(.exceptions.soft.user)
 *(.exceptions.soft)
 *(.exceptions.unknown.user)
 *(.exceptions.unknown)
 .exceptions.unknown
                0x0000000000800094       0x14 ../ass1v2_bsp/\libhal_bsp.a(alt_exception_entry.o)
 *(.exceptions.exit.label)
 .exceptions.exit.label
                0x00000000008000a8        0x0 ../ass1v2_bsp/\libhal_bsp.a(alt_irq_entry.o)
 .exceptions.exit.label
                0x00000000008000a8        0x0 ../ass1v2_bsp/\libhal_bsp.a(alt_exception_entry.o)
 *(.exceptions.exit.user)
 *(.exceptions.exit)
 .exceptions.exit
                0x00000000008000a8       0x54 ../ass1v2_bsp/\libhal_bsp.a(alt_exception_entry.o)
 *(.exceptions)
 .exceptions    0x00000000008000fc       0xd4 ../ass1v2_bsp/\libhal_bsp.a(alt_irq_handler.o)
                0x00000000008000fc                alt_irq_handler
 .exceptions    0x00000000008001d0       0x74 ../ass1v2_bsp/\libhal_bsp.a(alt_instruction_exception_entry.o)
                0x00000000008001d0                alt_instruction_exception_entry
                0x0000000000800244                PROVIDE (__ram_exceptions_end, ABSOLUTE (.))
                0x0000000000800020                PROVIDE (__flash_exceptions_start, LOADADDR (.exceptions))

.text           0x0000000000800244     0x3fe8
                [!provide]                        PROVIDE (stext, ABSOLUTE (.))
 *(.interp)
 *(.hash)
 *(.dynsym)
 *(.dynstr)
 *(.gnu.version)
 *(.gnu.version_d)
 *(.gnu.version_r)
 *(.rel.init)
 *(.rela.init)
 *(.rel.text .rel.text.* .rel.gnu.linkonce.t.*)
 *(.rela.text .rela.text.* .rela.gnu.linkonce.t.*)
 *(.rel.fini)
 *(.rela.fini)
 *(.rel.rodata .rel.rodata.* .rel.gnu.linkonce.r.*)
 *(.rela.rodata .rela.rodata.* .rela.gnu.linkonce.r.*)
 *(.rel.data .rel.data.* .rel.gnu.linkonce.d.*)
 *(.rela.data .rela.data.* .rela.gnu.linkonce.d.*)
 *(.rel.tdata .rel.tdata.* .rel.gnu.linkonce.td.*)
 *(.rela.tdata .rela.tdata.* .rela.gnu.linkonce.td.*)
 *(.rel.tbss .rel.tbss.* .rel.gnu.linkonce.tb.*)
 *(.rela.tbss .rela.tbss.* .rela.gnu.linkonce.tb.*)
 *(.rel.ctors)
 *(.rela.ctors)
 *(.rel.dtors)
 *(.rela.dtors)
 *(.rel.got)
 *(.rela.got)
 *(.rel.sdata .rel.sdata.* .rel.gnu.linkonce.s.*)
 *(.rela.sdata .rela.sdata.* .rela.gnu.linkonce.s.*)
 *(.rel.sbss .rel.sbss.* .rel.gnu.linkonce.sb.*)
 *(.rela.sbss .rela.sbss.* .rela.gnu.linkonce.sb.*)
 *(.rel.sdata2 .rel.sdata2.* .rel.gnu.linkonce.s2.*)
 *(.rela.sdata2 .rela.sdata2.* .rela.gnu.linkonce.s2.*)
 *(.rel.sbss2 .rel.sbss2.* .rel.gnu.linkonce.sb2.*)
 *(.rela.sbss2 .rela.sbss2.* .rela.gnu.linkonce.sb2.*)
 *(.rel.bss .rel.bss.* .rel.gnu.linkonce.b.*)
 *(.rela.bss .rela.bss.* .rela.gnu.linkonce.b.*)
 *(.rel.plt)
 *(.rela.plt)
 *(.rel.dyn)
 *(.init)
 *(.plt)
 *(.text .stub .text.* .gnu.linkonce.t.*)
 .text          0x0000000000800244       0x4c ../ass1v2_bsp//obj/HAL/src/crt0.o
                0x0000000000800244                _start
 .text          0x0000000000800290       0xec ../ass1v2_bsp/\libhal_bsp.a(alt_load.o)
                0x00000000008002f8                alt_load
 .text          0x000000000080037c       0x7c ../ass1v2_bsp/\libhal_bsp.a(alt_main.o)
                0x000000000080037c                alt_main
 .text          0x00000000008003f8      0x104 ../ass1v2_bsp/\libhal_bsp.a(alt_sys_init.o)
                0x000000000080042c                alt_irq_init
                0x0000000000800464                alt_sys_init
 .text          0x00000000008004fc      0x164 ../ass1v2_bsp/\libhal_bsp.a(altera_avalon_jtag_uart_fd.o)
                0x00000000008004fc                altera_avalon_jtag_uart_read_fd
                0x000000000080055c                altera_avalon_jtag_uart_write_fd
                0x00000000008005bc                altera_avalon_jtag_uart_close_fd
                0x000000000080060c                altera_avalon_jtag_uart_ioctl_fd
 .text          0x0000000000800660      0x3d4 ../ass1v2_bsp/\libhal_bsp.a(altera_avalon_jtag_uart_init.o)
                0x0000000000800660                altera_avalon_jtag_uart_init
                0x00000000008009cc                altera_avalon_jtag_uart_close
 .text          0x0000000000800a34       0xf0 ../ass1v2_bsp/\libhal_bsp.a(altera_avalon_jtag_uart_ioctl.o)
                0x0000000000800a34                altera_avalon_jtag_uart_ioctl
 .text          0x0000000000800b24      0x21c ../ass1v2_bsp/\libhal_bsp.a(altera_avalon_jtag_uart_read.o)
                0x0000000000800b24                altera_avalon_jtag_uart_read
 .text          0x0000000000800d40      0x224 ../ass1v2_bsp/\libhal_bsp.a(altera_avalon_jtag_uart_write.o)
                0x0000000000800d40                altera_avalon_jtag_uart_write
 .text          0x0000000000800f64      0xe7c ../ass1v2_bsp/\libhal_bsp.a(altera_avalon_lcd_16207.o)
                0x0000000000801728                altera_avalon_lcd_16207_write
                0x0000000000801cac                altera_avalon_lcd_16207_init
 .text          0x0000000000801de0       0x60 ../ass1v2_bsp/\libhal_bsp.a(altera_avalon_lcd_16207_fd.o)
                0x0000000000801de0                altera_avalon_lcd_16207_write_fd
 .text          0x0000000000801e40       0xf4 ../ass1v2_bsp/\libhal_bsp.a(altera_avalon_timer_sc.o)
                0x0000000000801eb8                alt_avalon_timer_sc_init
 .text          0x0000000000801f34      0x110 ../ass1v2_bsp/\libhal_bsp.a(altera_avalon_uart_fd.o)
                0x0000000000801f34                altera_avalon_uart_read_fd
                0x0000000000801f94                altera_avalon_uart_write_fd
                0x0000000000801ff4                altera_avalon_uart_close_fd
 .text          0x0000000000802044      0x3c8 ../ass1v2_bsp/\libhal_bsp.a(altera_avalon_uart_init.o)
                0x0000000000802044                altera_avalon_uart_init
                0x00000000008023b8                altera_avalon_uart_close
 .text          0x000000000080240c      0x218 ../ass1v2_bsp/\libhal_bsp.a(altera_avalon_uart_read.o)
                0x0000000000802448                altera_avalon_uart_read
 .text          0x0000000000802624      0x1e8 ../ass1v2_bsp/\libhal_bsp.a(altera_avalon_uart_write.o)
                0x0000000000802660                altera_avalon_uart_write
 .text          0x000000000080280c      0x12c ../ass1v2_bsp/\libhal_bsp.a(alt_alarm_start.o)
                0x000000000080280c                alt_alarm_start
 .text          0x0000000000802938      0x10c ../ass1v2_bsp/\libhal_bsp.a(alt_close.o)
                0x0000000000802974                close
 .text          0x0000000000802a44       0x48 ../ass1v2_bsp/\libhal_bsp.a(alt_dcache_flush_all.o)
                0x0000000000802a44                alt_dcache_flush_all
 .text          0x0000000000802a8c       0x2c ../ass1v2_bsp/\libhal_bsp.a(alt_dev.o)
 .text          0x0000000000802ab8       0xe0 ../ass1v2_bsp/\libhal_bsp.a(alt_dev_llist_insert.o)
                0x0000000000802af4                alt_dev_llist_insert
 .text          0x0000000000802b98       0x60 ../ass1v2_bsp/\libhal_bsp.a(alt_do_ctors.o)
                0x0000000000802b98                _do_ctors
 .text          0x0000000000802bf8       0x60 ../ass1v2_bsp/\libhal_bsp.a(alt_do_dtors.o)
                0x0000000000802bf8                _do_dtors
 .text          0x0000000000802c58        0x0 ../ass1v2_bsp/\libhal_bsp.a(alt_errno.o)
 .text          0x0000000000802c58       0x34 ../ass1v2_bsp/\libhal_bsp.a(alt_icache_flush_all.o)
                0x0000000000802c58                alt_icache_flush_all
 .text          0x0000000000802c8c      0x1b0 ../ass1v2_bsp/\libhal_bsp.a(alt_iic.o)
                0x0000000000802c8c                alt_ic_isr_register
                0x0000000000802cdc                alt_ic_irq_enable
                0x0000000000802d64                alt_ic_irq_disable
                0x0000000000802df0                alt_ic_irq_enabled
 .text          0x0000000000802e3c       0xf0 ../ass1v2_bsp/\libhal_bsp.a(alt_iic_isr_register.o)
                0x0000000000802e3c                alt_iic_isr_register
 .text          0x0000000000802f2c      0x140 ../ass1v2_bsp/\libhal_bsp.a(alt_io_redirect.o)
                0x0000000000802ff0                alt_io_redirect
 .text          0x000000000080306c        0x0 ../ass1v2_bsp/\libhal_bsp.a(alt_irq_entry.o)
 .text          0x000000000080306c        0x0 ../ass1v2_bsp/\libhal_bsp.a(alt_irq_handler.o)
 .text          0x000000000080306c        0x0 ../ass1v2_bsp/\libhal_bsp.a(alt_irq_vars.o)
 .text          0x000000000080306c      0x254 ../ass1v2_bsp/\libhal_bsp.a(alt_open.o)
                0x000000000080316c                open
 .text          0x00000000008032c0       0x64 ../ass1v2_bsp/\libhal_bsp.a(alt_release_fd.o)
                0x00000000008032c0                alt_release_fd
 .text          0x0000000000803324      0x1a4 ../ass1v2_bsp/\libhal_bsp.a(alt_tick.o)
                0x0000000000803324                alt_alarm_stop
                0x00000000008033c0                alt_tick
 .text          0x00000000008034c8       0x30 ../ass1v2_bsp/\libhal_bsp.a(alt_usleep.o)
                0x00000000008034c8                usleep
 .text          0x00000000008034f8       0x24 ../ass1v2_bsp/\libhal_bsp.a(altera_nios2_gen2_irq.o)
                0x00000000008034f8                altera_nios2_gen2_irq_init
 .text          0x000000000080351c      0x158 ../ass1v2_bsp/\libhal_bsp.a(alt_busy_sleep.o)
                0x000000000080351c                alt_busy_sleep
 .text          0x0000000000803674        0x0 ../ass1v2_bsp/\libhal_bsp.a(alt_exception_entry.o)
 .text          0x0000000000803674       0x90 ../ass1v2_bsp/\libhal_bsp.a(alt_find_dev.o)
                0x0000000000803674                alt_find_dev
 .text          0x0000000000803704      0x108 ../ass1v2_bsp/\libhal_bsp.a(alt_find_file.o)
                0x0000000000803704                alt_find_file
 .text          0x000000000080380c       0xa4 ../ass1v2_bsp/\libhal_bsp.a(alt_get_fd.o)
                0x000000000080380c                alt_get_fd
 .text          0x00000000008038b0       0x90 ../ass1v2_bsp/\libhal_bsp.a(alt_icache_flush.o)
                0x00000000008038b0                alt_icache_flush
 .text          0x0000000000803940       0x9c ../ass1v2_bsp/\libhal_bsp.a(alt_instruction_exception_entry.o)
                0x0000000000803940                alt_exception_cause_generated_bad_addr
 .text          0x00000000008039dc        0x0 c:/intelfpga/16.1/nios2eds/bin/gnu/h-x86_64-mingw32/bin/../lib/gcc/nios2-elf/5.3.0/../../../../../H-x86_64-mingw32/nios2-elf/lib\libc.a(lib_a-atexit.o)
 .text.atexit   0x00000000008039dc       0x14 c:/intelfpga/16.1/nios2eds/bin/gnu/h-x86_64-mingw32/bin/../lib/gcc/nios2-elf/5.3.0/../../../../../H-x86_64-mingw32/nios2-elf/lib\libc.a(lib_a-atexit.o)
                0x00000000008039dc                atexit
 .text          0x00000000008039f0        0x0 c:/intelfpga/16.1/nios2eds/bin/gnu/h-x86_64-mingw32/bin/../lib/gcc/nios2-elf/5.3.0/../../../../../H-x86_64-mingw32/nios2-elf/lib\libc.a(lib_a-ctype_.o)
 .text          0x00000000008039f0        0x0 c:/intelfpga/16.1/nios2eds/bin/gnu/h-x86_64-mingw32/bin/../lib/gcc/nios2-elf/5.3.0/../../../../../H-x86_64-mingw32/nios2-elf/lib\libc.a(lib_a-exit.o)
 .text.exit     0x00000000008039f0       0x38 c:/intelfpga/16.1/nios2eds/bin/gnu/h-x86_64-mingw32/bin/../lib/gcc/nios2-elf/5.3.0/../../../../../H-x86_64-mingw32/nios2-elf/lib\libc.a(lib_a-exit.o)
                0x00000000008039f0                exit
 .text          0x0000000000803a28        0x0 c:/intelfpga/16.1/nios2eds/bin/gnu/h-x86_64-mingw32/bin/../lib/gcc/nios2-elf/5.3.0/../../../../../H-x86_64-mingw32/nios2-elf/lib\libc.a(lib_a-impure.o)
 .text          0x0000000000803a28        0x0 c:/intelfpga/16.1/nios2eds/bin/gnu/h-x86_64-mingw32/bin/../lib/gcc/nios2-elf/5.3.0/../../../../../H-x86_64-mingw32/nios2-elf/lib\libc.a(lib_a-int_errno.o)
 .text          0x0000000000803a28        0x0 c:/intelfpga/16.1/nios2eds/bin/gnu/h-x86_64-mingw32/bin/../lib/gcc/nios2-elf/5.3.0/../../../../../H-x86_64-mingw32/nios2-elf/lib\libc.a(lib_a-memcmp.o)
 .text.memcmp   0x0000000000803a28       0x7c c:/intelfpga/16.1/nios2eds/bin/gnu/h-x86_64-mingw32/bin/../lib/gcc/nios2-elf/5.3.0/../../../../../H-x86_64-mingw32/nios2-elf/lib\libc.a(lib_a-memcmp.o)
                0x0000000000803a28                memcmp
 .text          0x0000000000803aa4        0x0 c:/intelfpga/16.1/nios2eds/bin/gnu/h-x86_64-mingw32/bin/../lib/gcc/nios2-elf/5.3.0/../../../../../H-x86_64-mingw32/nios2-elf/lib\libc.a(lib_a-memcpy.o)
 .text.memcpy   0x0000000000803aa4      0x148 c:/intelfpga/16.1/nios2eds/bin/gnu/h-x86_64-mingw32/bin/../lib/gcc/nios2-elf/5.3.0/../../../../../H-x86_64-mingw32/nios2-elf/lib\libc.a(lib_a-memcpy.o)
                0x0000000000803aa4                memcpy
 .text          0x0000000000803bec        0x0 c:/intelfpga/16.1/nios2eds/bin/gnu/h-x86_64-mingw32/bin/../lib/gcc/nios2-elf/5.3.0/../../../../../H-x86_64-mingw32/nios2-elf/lib\libc.a(lib_a-memset.o)
 .text.memset   0x0000000000803bec      0x128 c:/intelfpga/16.1/nios2eds/bin/gnu/h-x86_64-mingw32/bin/../lib/gcc/nios2-elf/5.3.0/../../../../../H-x86_64-mingw32/nios2-elf/lib\libc.a(lib_a-memset.o)
                0x0000000000803bec                memset
 .text          0x0000000000803d14        0x0 c:/intelfpga/16.1/nios2eds/bin/gnu/h-x86_64-mingw32/bin/../lib/gcc/nios2-elf/5.3.0/../../../../../H-x86_64-mingw32/nios2-elf/lib\libc.a(lib_a-strlen.o)
 .text.strlen   0x0000000000803d14       0x98 c:/intelfpga/16.1/nios2eds/bin/gnu/h-x86_64-mingw32/bin/../lib/gcc/nios2-elf/5.3.0/../../../../../H-x86_64-mingw32/nios2-elf/lib\libc.a(lib_a-strlen.o)
                0x0000000000803d14                strlen
 .text          0x0000000000803dac        0x0 c:/intelfpga/16.1/nios2eds/bin/gnu/h-x86_64-mingw32/bin/../lib/gcc/nios2-elf/5.3.0/../../../../../H-x86_64-mingw32/nios2-elf/lib\libc.a(lib_a-__atexit.o)
 .text.__register_exitproc
                0x0000000000803dac      0x118 c:/intelfpga/16.1/nios2eds/bin/gnu/h-x86_64-mingw32/bin/../lib/gcc/nios2-elf/5.3.0/../../../../../H-x86_64-mingw32/nios2-elf/lib\libc.a(lib_a-__atexit.o)
                0x0000000000803dac                __register_exitproc
 .text          0x0000000000803ec4        0x0 c:/intelfpga/16.1/nios2eds/bin/gnu/h-x86_64-mingw32/bin/../lib/gcc/nios2-elf/5.3.0/../../../../../H-x86_64-mingw32/nios2-elf/lib\libc.a(lib_a-__call_atexit.o)
 .text.__call_exitprocs
                0x0000000000803ec4      0x180 c:/intelfpga/16.1/nios2eds/bin/gnu/h-x86_64-mingw32/bin/../lib/gcc/nios2-elf/5.3.0/../../../../../H-x86_64-mingw32/nios2-elf/lib\libc.a(lib_a-__call_atexit.o)
                0x0000000000803ec4                __call_exitprocs
 .text          0x0000000000804044      0x1b4 c:/intelfpga/16.1/nios2eds/bin/gnu/h-x86_64-mingw32/bin/../lib/gcc/nios2-elf/5.3.0\libgcc.a(lib2-divmod.o)
                0x0000000000804044                __divsi3
                0x00000000008040c8                __modsi3
                0x000000000080413c                __udivsi3
                0x00000000008041a0                __umodsi3
 .text          0x00000000008041f8       0x34 ../ass1v2_bsp/\libhal_bsp.a(alt_exit.o)
                0x00000000008041f8                _exit
 *(.gnu.warning.*)
 *(.fini)
                [!provide]                        PROVIDE (__etext, ABSOLUTE (.))
                [!provide]                        PROVIDE (_etext, ABSOLUTE (.))
                [!provide]                        PROVIDE (etext, ABSOLUTE (.))
 *(.eh_frame_hdr)
                0x000000000080422c                . = ALIGN (0x4)
                [!provide]                        PROVIDE (__preinit_array_start, ABSOLUTE (.))
 *(.preinit_array)
                [!provide]                        PROVIDE (__preinit_array_end, ABSOLUTE (.))
                [!provide]                        PROVIDE (__init_array_start, ABSOLUTE (.))
 *(.init_array)
                [!provide]                        PROVIDE (__init_array_end, ABSOLUTE (.))
                [!provide]                        PROVIDE (__fini_array_start, ABSOLUTE (.))
 *(.fini_array)
                [!provide]                        PROVIDE (__fini_array_end, ABSOLUTE (.))
 *(.eh_frame)
 *(.gcc_except_table .gcc_except_table.*)
 *(.dynamic)
                0x000000000080422c                PROVIDE (__CTOR_LIST__, ABSOLUTE (.))
 *(.ctors)
 *(SORT(.ctors.*))
                0x000000000080422c                PROVIDE (__CTOR_END__, ABSOLUTE (.))
                0x000000000080422c                PROVIDE (__DTOR_LIST__, ABSOLUTE (.))
 *(.dtors)
 *(SORT(.dtors.*))
                0x000000000080422c                PROVIDE (__DTOR_END__, ABSOLUTE (.))
 *(.jcr)
                0x000000000080422c                . = ALIGN (0x4)

.rodata         0x000000000080422c      0x2c8
                0x000000000080422c                PROVIDE (__ram_rodata_start, ABSOLUTE (.))
                0x000000000080422c                . = ALIGN (0x4)
 *(.rodata .rodata.* .gnu.linkonce.r.*)
 .rodata        0x000000000080422c        0xf ../ass1v2_bsp/\libhal_bsp.a(alt_main.o)
 *fill*         0x000000000080423b        0x1 
 .rodata        0x000000000080423c       0x26 ../ass1v2_bsp/\libhal_bsp.a(alt_sys_init.o)
 *fill*         0x0000000000804262        0x2 
 .rodata        0x0000000000804264        0xa ../ass1v2_bsp/\libhal_bsp.a(alt_dev.o)
 .rodata._ctype_
                0x000000000080426e      0x101 c:/intelfpga/16.1/nios2eds/bin/gnu/h-x86_64-mingw32/bin/../lib/gcc/nios2-elf/5.3.0/../../../../../H-x86_64-mingw32/nios2-elf/lib\libc.a(lib_a-ctype_.o)
                0x000000000080426e                _ctype_
 .rodata._ctype_b
                0x000000000080436f      0x180 c:/intelfpga/16.1/nios2eds/bin/gnu/h-x86_64-mingw32/bin/../lib/gcc/nios2-elf/5.3.0/../../../../../H-x86_64-mingw32/nios2-elf/lib\libc.a(lib_a-ctype_.o)
 *fill*         0x00000000008044ef        0x1 
 .rodata.str1.4
                0x00000000008044f0        0x4 c:/intelfpga/16.1/nios2eds/bin/gnu/h-x86_64-mingw32/bin/../lib/gcc/nios2-elf/5.3.0/../../../../../H-x86_64-mingw32/nios2-elf/lib\libc.a(lib_a-impure.o)
                                          0x2 (size before relaxing)
 *(.rodata1)
                0x00000000008044f4                . = ALIGN (0x4)
                0x00000000008044f4                PROVIDE (__ram_rodata_end, ABSOLUTE (.))
                0x000000000080422c                PROVIDE (__flash_rodata_start, LOADADDR (.rodata))

.rwdata         0x00000000008044f4     0x1844 load address 0x0000000000805d38
                0x00000000008044f4                PROVIDE (__ram_rwdata_start, ABSOLUTE (.))
                0x00000000008044f4                . = ALIGN (0x4)
 *(.got.plt)
 *(.got)
 *(.data1)
 *(.data .data.* .gnu.linkonce.d.*)
 .data          0x00000000008044f4        0x0 ../ass1v2_bsp//obj/HAL/src/crt0.o
 .data          0x00000000008044f4        0x0 ../ass1v2_bsp/\libhal_bsp.a(alt_load.o)
 .data          0x00000000008044f4        0x0 ../ass1v2_bsp/\libhal_bsp.a(alt_main.o)
 .data          0x00000000008044f4     0x1244 ../ass1v2_bsp/\libhal_bsp.a(alt_sys_init.o)
 .data          0x0000000000805738        0x0 ../ass1v2_bsp/\libhal_bsp.a(altera_avalon_jtag_uart_fd.o)
 .data          0x0000000000805738        0x0 ../ass1v2_bsp/\libhal_bsp.a(altera_avalon_jtag_uart_init.o)
 .data          0x0000000000805738        0x0 ../ass1v2_bsp/\libhal_bsp.a(altera_avalon_jtag_uart_ioctl.o)
 .data          0x0000000000805738        0x0 ../ass1v2_bsp/\libhal_bsp.a(altera_avalon_jtag_uart_read.o)
 .data          0x0000000000805738        0x0 ../ass1v2_bsp/\libhal_bsp.a(altera_avalon_jtag_uart_write.o)
 .data          0x0000000000805738        0x0 ../ass1v2_bsp/\libhal_bsp.a(altera_avalon_lcd_16207.o)
 .data          0x0000000000805738        0x0 ../ass1v2_bsp/\libhal_bsp.a(altera_avalon_lcd_16207_fd.o)
 .data          0x0000000000805738        0x0 ../ass1v2_bsp/\libhal_bsp.a(altera_avalon_timer_sc.o)
 .data          0x0000000000805738        0x0 ../ass1v2_bsp/\libhal_bsp.a(altera_avalon_uart_fd.o)
 .data          0x0000000000805738        0x0 ../ass1v2_bsp/\libhal_bsp.a(altera_avalon_uart_init.o)
 .data          0x0000000000805738        0x0 ../ass1v2_bsp/\libhal_bsp.a(altera_avalon_uart_read.o)
 .data          0x0000000000805738        0x0 ../ass1v2_bsp/\libhal_bsp.a(altera_avalon_uart_write.o)
 .data          0x0000000000805738        0x0 ../ass1v2_bsp/\libhal_bsp.a(alt_alarm_start.o)
 .data          0x0000000000805738        0x0 ../ass1v2_bsp/\libhal_bsp.a(alt_close.o)
 .data          0x0000000000805738        0x0 ../ass1v2_bsp/\libhal_bsp.a(alt_dcache_flush_all.o)
 .data          0x0000000000805738      0x1a8 ../ass1v2_bsp/\libhal_bsp.a(alt_dev.o)
                0x0000000000805738                alt_dev_null
                0x0000000000805760                alt_fd_list
 .data          0x00000000008058e0        0x0 ../ass1v2_bsp/\libhal_bsp.a(alt_dev_llist_insert.o)
 .data          0x00000000008058e0        0x0 ../ass1v2_bsp/\libhal_bsp.a(alt_do_ctors.o)
 .data          0x00000000008058e0        0x0 ../ass1v2_bsp/\libhal_bsp.a(alt_do_dtors.o)
 .data          0x00000000008058e0        0x0 ../ass1v2_bsp/\libhal_bsp.a(alt_errno.o)
 .data          0x00000000008058e0        0x0 ../ass1v2_bsp/\libhal_bsp.a(alt_icache_flush_all.o)
 .data          0x00000000008058e0        0x0 ../ass1v2_bsp/\libhal_bsp.a(alt_iic.o)
 .data          0x00000000008058e0        0x0 ../ass1v2_bsp/\libhal_bsp.a(alt_iic_isr_register.o)
 .data          0x00000000008058e0        0x0 ../ass1v2_bsp/\libhal_bsp.a(alt_io_redirect.o)
 .data          0x00000000008058e0        0x0 ../ass1v2_bsp/\libhal_bsp.a(alt_irq_entry.o)
 .data          0x00000000008058e0        0x0 ../ass1v2_bsp/\libhal_bsp.a(alt_irq_handler.o)
 .data          0x00000000008058e0        0x0 ../ass1v2_bsp/\libhal_bsp.a(alt_irq_vars.o)
 .data          0x00000000008058e0        0x0 ../ass1v2_bsp/\libhal_bsp.a(alt_open.o)
 .data          0x00000000008058e0        0x0 ../ass1v2_bsp/\libhal_bsp.a(alt_release_fd.o)
 .data          0x00000000008058e0        0x0 ../ass1v2_bsp/\libhal_bsp.a(alt_tick.o)
 .data          0x00000000008058e0        0x0 ../ass1v2_bsp/\libhal_bsp.a(alt_usleep.o)
 .data          0x00000000008058e0        0x0 ../ass1v2_bsp/\libhal_bsp.a(altera_nios2_gen2_irq.o)
 .data          0x00000000008058e0        0x0 ../ass1v2_bsp/\libhal_bsp.a(alt_busy_sleep.o)
 .data          0x00000000008058e0        0x0 ../ass1v2_bsp/\libhal_bsp.a(alt_exception_entry.o)
 .data          0x00000000008058e0        0x0 ../ass1v2_bsp/\libhal_bsp.a(alt_find_dev.o)
 .data          0x00000000008058e0        0x0 ../ass1v2_bsp/\libhal_bsp.a(alt_find_file.o)
 .data          0x00000000008058e0        0x0 ../ass1v2_bsp/\libhal_bsp.a(alt_get_fd.o)
 .data          0x00000000008058e0        0x0 ../ass1v2_bsp/\libhal_bsp.a(alt_icache_flush.o)
 .data          0x00000000008058e0        0x0 ../ass1v2_bsp/\libhal_bsp.a(alt_instruction_exception_entry.o)
 .data          0x00000000008058e0        0x0 c:/intelfpga/16.1/nios2eds/bin/gnu/h-x86_64-mingw32/bin/../lib/gcc/nios2-elf/5.3.0/../../../../../H-x86_64-mingw32/nios2-elf/lib\libc.a(lib_a-atexit.o)
 .data          0x00000000008058e0        0x0 c:/intelfpga/16.1/nios2eds/bin/gnu/h-x86_64-mingw32/bin/../lib/gcc/nios2-elf/5.3.0/../../../../../H-x86_64-mingw32/nios2-elf/lib\libc.a(lib_a-ctype_.o)
 .data          0x00000000008058e0        0x0 c:/intelfpga/16.1/nios2eds/bin/gnu/h-x86_64-mingw32/bin/../lib/gcc/nios2-elf/5.3.0/../../../../../H-x86_64-mingw32/nios2-elf/lib\libc.a(lib_a-exit.o)
 .data          0x00000000008058e0        0x0 c:/intelfpga/16.1/nios2eds/bin/gnu/h-x86_64-mingw32/bin/../lib/gcc/nios2-elf/5.3.0/../../../../../H-x86_64-mingw32/nios2-elf/lib\libc.a(lib_a-impure.o)
 .data.impure_data
                0x00000000008058e0      0x424 c:/intelfpga/16.1/nios2eds/bin/gnu/h-x86_64-mingw32/bin/../lib/gcc/nios2-elf/5.3.0/../../../../../H-x86_64-mingw32/nios2-elf/lib\libc.a(lib_a-impure.o)
 .data          0x0000000000805d04        0x0 c:/intelfpga/16.1/nios2eds/bin/gnu/h-x86_64-mingw32/bin/../lib/gcc/nios2-elf/5.3.0/../../../../../H-x86_64-mingw32/nios2-elf/lib\libc.a(lib_a-int_errno.o)
 .data          0x0000000000805d04        0x0 c:/intelfpga/16.1/nios2eds/bin/gnu/h-x86_64-mingw32/bin/../lib/gcc/nios2-elf/5.3.0/../../../../../H-x86_64-mingw32/nios2-elf/lib\libc.a(lib_a-memcmp.o)
 .data          0x0000000000805d04        0x0 c:/intelfpga/16.1/nios2eds/bin/gnu/h-x86_64-mingw32/bin/../lib/gcc/nios2-elf/5.3.0/../../../../../H-x86_64-mingw32/nios2-elf/lib\libc.a(lib_a-memcpy.o)
 .data          0x0000000000805d04        0x0 c:/intelfpga/16.1/nios2eds/bin/gnu/h-x86_64-mingw32/bin/../lib/gcc/nios2-elf/5.3.0/../../../../../H-x86_64-mingw32/nios2-elf/lib\libc.a(lib_a-memset.o)
 .data          0x0000000000805d04        0x0 c:/intelfpga/16.1/nios2eds/bin/gnu/h-x86_64-mingw32/bin/../lib/gcc/nios2-elf/5.3.0/../../../../../H-x86_64-mingw32/nios2-elf/lib\libc.a(lib_a-strlen.o)
 .data          0x0000000000805d04        0x0 c:/intelfpga/16.1/nios2eds/bin/gnu/h-x86_64-mingw32/bin/../lib/gcc/nios2-elf/5.3.0/../../../../../H-x86_64-mingw32/nios2-elf/lib\libc.a(lib_a-__atexit.o)
 .data          0x0000000000805d04        0x0 c:/intelfpga/16.1/nios2eds/bin/gnu/h-x86_64-mingw32/bin/../lib/gcc/nios2-elf/5.3.0/../../../../../H-x86_64-mingw32/nios2-elf/lib\libc.a(lib_a-__call_atexit.o)
 .data          0x0000000000805d04        0x0 c:/intelfpga/16.1/nios2eds/bin/gnu/h-x86_64-mingw32/bin/../lib/gcc/nios2-elf/5.3.0\libgcc.a(lib2-divmod.o)
 .data          0x0000000000805d04        0x0 ../ass1v2_bsp/\libhal_bsp.a(alt_exit.o)
                0x000000000080dd04                _gp = ABSOLUTE ((. + 0x8000))
                [!provide]                        PROVIDE (gp, _gp)
 *(.rwdata .rwdata.*)
 *(.sdata .sdata.* .gnu.linkonce.s.*)
 .sdata         0x0000000000805d04        0x4 ../ass1v2_bsp/\libhal_bsp.a(altera_avalon_lcd_16207.o)
 .sdata         0x0000000000805d08       0x14 ../ass1v2_bsp/\libhal_bsp.a(alt_dev.o)
                0x0000000000805d08                alt_fs_list
                0x0000000000805d10                alt_dev_list
                0x0000000000805d18                alt_max_fd
 .sdata         0x0000000000805d1c        0x4 ../ass1v2_bsp/\libhal_bsp.a(alt_errno.o)
                0x0000000000805d1c                alt_errno
 .sdata         0x0000000000805d20        0x4 ../ass1v2_bsp/\libhal_bsp.a(alt_irq_vars.o)
                0x0000000000805d20                alt_priority_mask
 .sdata         0x0000000000805d24        0x8 ../ass1v2_bsp/\libhal_bsp.a(alt_tick.o)
                0x0000000000805d24                alt_alarm_list
 .sdata.__ctype_ptr__
                0x0000000000805d2c        0x4 c:/intelfpga/16.1/nios2eds/bin/gnu/h-x86_64-mingw32/bin/../lib/gcc/nios2-elf/5.3.0/../../../../../H-x86_64-mingw32/nios2-elf/lib\libc.a(lib_a-ctype_.o)
                0x0000000000805d2c                __ctype_ptr__
 .sdata._global_impure_ptr
                0x0000000000805d30        0x4 c:/intelfpga/16.1/nios2eds/bin/gnu/h-x86_64-mingw32/bin/../lib/gcc/nios2-elf/5.3.0/../../../../../H-x86_64-mingw32/nios2-elf/lib\libc.a(lib_a-impure.o)
                0x0000000000805d30                _global_impure_ptr
 .sdata._impure_ptr
                0x0000000000805d34        0x4 c:/intelfpga/16.1/nios2eds/bin/gnu/h-x86_64-mingw32/bin/../lib/gcc/nios2-elf/5.3.0/../../../../../H-x86_64-mingw32/nios2-elf/lib\libc.a(lib_a-impure.o)
                0x0000000000805d34                _impure_ptr
 *(.sdata2 .sdata2.* .gnu.linkonce.s2.*)
                0x0000000000805d38                . = ALIGN (0x4)
                0x0000000000805d38                _edata = ABSOLUTE (.)
                [!provide]                        PROVIDE (edata, ABSOLUTE (.))
                0x0000000000805d38                PROVIDE (__ram_rwdata_end, ABSOLUTE (.))
                0x0000000000805d38                PROVIDE (__flash_rwdata_start, LOADADDR (.rwdata))

.bss            0x000000000080757c      0x120
                0x000000000080757c                __bss_start = ABSOLUTE (.)
                [!provide]                        PROVIDE (__sbss_start, ABSOLUTE (.))
                [!provide]                        PROVIDE (___sbss_start, ABSOLUTE (.))
 *(.dynsbss)
 *(.sbss .sbss.* .gnu.linkonce.sb.*)
 .sbss          0x000000000080757c        0xc ../ass1v2_bsp/\libhal_bsp.a(alt_main.o)
                0x000000000080757c                alt_argc
                0x0000000000807580                alt_argv
                0x0000000000807584                alt_envp
 .sbss          0x0000000000807588        0x4 ../ass1v2_bsp/\libhal_bsp.a(alt_irq_vars.o)
                0x0000000000807588                alt_irq_active
 .sbss          0x000000000080758c        0x8 ../ass1v2_bsp/\libhal_bsp.a(alt_tick.o)
                0x000000000080758c                _alt_tick_rate
                0x0000000000807590                _alt_nticks
 .sbss          0x0000000000807594        0x4 ../ass1v2_bsp/\libhal_bsp.a(alt_instruction_exception_entry.o)
                0x0000000000807594                alt_instruction_exception_handler
 .sbss          0x0000000000807598        0x4 c:/intelfpga/16.1/nios2eds/bin/gnu/h-x86_64-mingw32/bin/../lib/gcc/nios2-elf/5.3.0/../../../../../H-x86_64-mingw32/nios2-elf/lib\libc.a(lib_a-int_errno.o)
                0x0000000000807598                errno
 *(.sbss2 .sbss2.* .gnu.linkonce.sb2.*)
 *(.scommon)
                [!provide]                        PROVIDE (__sbss_end, ABSOLUTE (.))
                [!provide]                        PROVIDE (___sbss_end, ABSOLUTE (.))
 *(.dynbss)
 *(.bss .bss.* .gnu.linkonce.b.*)
 .bss           0x000000000080759c        0x0 ../ass1v2_bsp//obj/HAL/src/crt0.o
 .bss           0x000000000080759c        0x0 ../ass1v2_bsp/\libhal_bsp.a(alt_load.o)
 .bss           0x000000000080759c        0x0 ../ass1v2_bsp/\libhal_bsp.a(alt_main.o)
 .bss           0x000000000080759c        0x0 ../ass1v2_bsp/\libhal_bsp.a(alt_sys_init.o)
 .bss           0x000000000080759c        0x0 ../ass1v2_bsp/\libhal_bsp.a(altera_avalon_jtag_uart_fd.o)
 .bss           0x000000000080759c        0x0 ../ass1v2_bsp/\libhal_bsp.a(altera_avalon_jtag_uart_init.o)
 .bss           0x000000000080759c        0x0 ../ass1v2_bsp/\libhal_bsp.a(altera_avalon_jtag_uart_ioctl.o)
 .bss           0x000000000080759c        0x0 ../ass1v2_bsp/\libhal_bsp.a(altera_avalon_jtag_uart_read.o)
 .bss           0x000000000080759c        0x0 ../ass1v2_bsp/\libhal_bsp.a(altera_avalon_jtag_uart_write.o)
 .bss           0x000000000080759c        0x0 ../ass1v2_bsp/\libhal_bsp.a(altera_avalon_lcd_16207.o)
 .bss           0x000000000080759c        0x0 ../ass1v2_bsp/\libhal_bsp.a(altera_avalon_lcd_16207_fd.o)
 .bss           0x000000000080759c        0x0 ../ass1v2_bsp/\libhal_bsp.a(altera_avalon_timer_sc.o)
 .bss           0x000000000080759c        0x0 ../ass1v2_bsp/\libhal_bsp.a(altera_avalon_uart_fd.o)
 .bss           0x000000000080759c        0x0 ../ass1v2_bsp/\libhal_bsp.a(altera_avalon_uart_init.o)
 .bss           0x000000000080759c        0x0 ../ass1v2_bsp/\libhal_bsp.a(altera_avalon_uart_read.o)
 .bss           0x000000000080759c        0x0 ../ass1v2_bsp/\libhal_bsp.a(altera_avalon_uart_write.o)
 .bss           0x000000000080759c        0x0 ../ass1v2_bsp/\libhal_bsp.a(alt_alarm_start.o)
 .bss           0x000000000080759c        0x0 ../ass1v2_bsp/\libhal_bsp.a(alt_close.o)
 .bss           0x000000000080759c        0x0 ../ass1v2_bsp/\libhal_bsp.a(alt_dcache_flush_all.o)
 .bss           0x000000000080759c        0x0 ../ass1v2_bsp/\libhal_bsp.a(alt_dev.o)
 .bss           0x000000000080759c        0x0 ../ass1v2_bsp/\libhal_bsp.a(alt_dev_llist_insert.o)
 .bss           0x000000000080759c        0x0 ../ass1v2_bsp/\libhal_bsp.a(alt_do_ctors.o)
 .bss           0x000000000080759c        0x0 ../ass1v2_bsp/\libhal_bsp.a(alt_do_dtors.o)
 .bss           0x000000000080759c        0x0 ../ass1v2_bsp/\libhal_bsp.a(alt_errno.o)
 .bss           0x000000000080759c        0x0 ../ass1v2_bsp/\libhal_bsp.a(alt_icache_flush_all.o)
 .bss           0x000000000080759c        0x0 ../ass1v2_bsp/\libhal_bsp.a(alt_iic.o)
 .bss           0x000000000080759c        0x0 ../ass1v2_bsp/\libhal_bsp.a(alt_iic_isr_register.o)
 .bss           0x000000000080759c        0x0 ../ass1v2_bsp/\libhal_bsp.a(alt_io_redirect.o)
 .bss           0x000000000080759c        0x0 ../ass1v2_bsp/\libhal_bsp.a(alt_irq_entry.o)
 .bss           0x000000000080759c        0x0 ../ass1v2_bsp/\libhal_bsp.a(alt_irq_handler.o)
 .bss           0x000000000080759c        0x0 ../ass1v2_bsp/\libhal_bsp.a(alt_irq_vars.o)
 .bss           0x000000000080759c        0x0 ../ass1v2_bsp/\libhal_bsp.a(alt_open.o)
 .bss           0x000000000080759c        0x0 ../ass1v2_bsp/\libhal_bsp.a(alt_release_fd.o)
 .bss           0x000000000080759c        0x0 ../ass1v2_bsp/\libhal_bsp.a(alt_tick.o)
 .bss           0x000000000080759c        0x0 ../ass1v2_bsp/\libhal_bsp.a(alt_usleep.o)
 .bss           0x000000000080759c        0x0 ../ass1v2_bsp/\libhal_bsp.a(altera_nios2_gen2_irq.o)
 .bss           0x000000000080759c        0x0 ../ass1v2_bsp/\libhal_bsp.a(alt_busy_sleep.o)
 .bss           0x000000000080759c        0x0 ../ass1v2_bsp/\libhal_bsp.a(alt_exception_entry.o)
 .bss           0x000000000080759c        0x0 ../ass1v2_bsp/\libhal_bsp.a(alt_find_dev.o)
 .bss           0x000000000080759c        0x0 ../ass1v2_bsp/\libhal_bsp.a(alt_find_file.o)
 .bss           0x000000000080759c        0x0 ../ass1v2_bsp/\libhal_bsp.a(alt_get_fd.o)
 .bss           0x000000000080759c        0x0 ../ass1v2_bsp/\libhal_bsp.a(alt_icache_flush.o)
 .bss           0x000000000080759c        0x0 ../ass1v2_bsp/\libhal_bsp.a(alt_instruction_exception_entry.o)
 .bss           0x000000000080759c        0x0 c:/intelfpga/16.1/nios2eds/bin/gnu/h-x86_64-mingw32/bin/../lib/gcc/nios2-elf/5.3.0/../../../../../H-x86_64-mingw32/nios2-elf/lib\libc.a(lib_a-atexit.o)
 .bss           0x000000000080759c        0x0 c:/intelfpga/16.1/nios2eds/bin/gnu/h-x86_64-mingw32/bin/../lib/gcc/nios2-elf/5.3.0/../../../../../H-x86_64-mingw32/nios2-elf/lib\libc.a(lib_a-ctype_.o)
 .bss           0x000000000080759c        0x0 c:/intelfpga/16.1/nios2eds/bin/gnu/h-x86_64-mingw32/bin/../lib/gcc/nios2-elf/5.3.0/../../../../../H-x86_64-mingw32/nios2-elf/lib\libc.a(lib_a-exit.o)
 .bss           0x000000000080759c        0x0 c:/intelfpga/16.1/nios2eds/bin/gnu/h-x86_64-mingw32/bin/../lib/gcc/nios2-elf/5.3.0/../../../../../H-x86_64-mingw32/nios2-elf/lib\libc.a(lib_a-impure.o)
 .bss           0x000000000080759c        0x0 c:/intelfpga/16.1/nios2eds/bin/gnu/h-x86_64-mingw32/bin/../lib/gcc/nios2-elf/5.3.0/../../../../../H-x86_64-mingw32/nios2-elf/lib\libc.a(lib_a-int_errno.o)
 .bss           0x000000000080759c        0x0 c:/intelfpga/16.1/nios2eds/bin/gnu/h-x86_64-mingw32/bin/../lib/gcc/nios2-elf/5.3.0/../../../../../H-x86_64-mingw32/nios2-elf/lib\libc.a(lib_a-memcmp.o)
 .bss           0x000000000080759c        0x0 c:/intelfpga/16.1/nios2eds/bin/gnu/h-x86_64-mingw32/bin/../lib/gcc/nios2-elf/5.3.0/../../../../../H-x86_64-mingw32/nios2-elf/lib\libc.a(lib_a-memcpy.o)
 .bss           0x000000000080759c        0x0 c:/intelfpga/16.1/nios2eds/bin/gnu/h-x86_64-mingw32/bin/../lib/gcc/nios2-elf/5.3.0/../../../../../H-x86_64-mingw32/nios2-elf/lib\libc.a(lib_a-memset.o)
 .bss           0x000000000080759c        0x0 c:/intelfpga/16.1/nios2eds/bin/gnu/h-x86_64-mingw32/bin/../lib/gcc/nios2-elf/5.3.0/../../../../../H-x86_64-mingw32/nios2-elf/lib\libc.a(lib_a-strlen.o)
 .bss           0x000000000080759c        0x0 c:/intelfpga/16.1/nios2eds/bin/gnu/h-x86_64-mingw32/bin/../lib/gcc/nios2-elf/5.3.0/../../../../../H-x86_64-mingw32/nios2-elf/lib\libc.a(lib_a-__atexit.o)
 .bss           0x000000000080759c        0x0 c:/intelfpga/16.1/nios2eds/bin/gnu/h-x86_64-mingw32/bin/../lib/gcc/nios2-elf/5.3.0/../../../../../H-x86_64-mingw32/nios2-elf/lib\libc.a(lib_a-__call_atexit.o)
 .bss           0x000000000080759c        0x0 c:/intelfpga/16.1/nios2eds/bin/gnu/h-x86_64-mingw32/bin/../lib/gcc/nios2-elf/5.3.0\libgcc.a(lib2-divmod.o)
 .bss           0x000000000080759c        0x0 ../ass1v2_bsp/\libhal_bsp.a(alt_exit.o)
 *(COMMON)
 COMMON         0x000000000080759c      0x100 ../ass1v2_bsp/\libhal_bsp.a(alt_irq_handler.o)
                0x000000000080759c                alt_irq
                0x000000000080769c                . = ALIGN (0x4)
                0x000000000080769c                __bss_end = ABSOLUTE (.)

.sdram          0x000000000080769c        0x0
                [!provide]                        PROVIDE (_alt_partition_sdram_start, ABSOLUTE (.))
 *(.sdram .sdram. sdram.*)
                0x000000000080769c                . = ALIGN (0x4)
                [!provide]                        PROVIDE (_alt_partition_sdram_end, ABSOLUTE (.))
                0x000000000080769c                _end = ABSOLUTE (.)
                0x000000000080769c                end = ABSOLUTE (.)
                0x000000000080769c                __alt_stack_base = ABSOLUTE (.)
                [!provide]                        PROVIDE (_alt_partition_sdram_load_addr, LOADADDR (.sdram))

.onchip_mem     0x0000000001008000        0x0 load address 0x000000000080769c
                [!provide]                        PROVIDE (_alt_partition_onchip_mem_start, ABSOLUTE (.))
 *(.onchip_mem .onchip_mem. onchip_mem.*)
                0x0000000001008000                . = ALIGN (0x4)
                [!provide]                        PROVIDE (_alt_partition_onchip_mem_end, ABSOLUTE (.))
                [!provide]                        PROVIDE (_alt_partition_onchip_mem_load_addr, LOADADDR (.onchip_mem))

.stab
 *(.stab)

.stabstr
 *(.stabstr)

.stab.excl
 *(.stab.excl)

.stab.exclstr
 *(.stab.exclstr)

.stab.index
 *(.stab.index)

.stab.indexstr
 *(.stab.indexstr)

.comment        0x0000000000000000       0x23
 *(.comment)
 .comment       0x0000000000000000       0x23 ../ass1v2_bsp/\libhal_bsp.a(alt_load.o)
                                         0x24 (size before relaxing)
 .comment       0x0000000000000023       0x24 ../ass1v2_bsp/\libhal_bsp.a(alt_main.o)
 .comment       0x0000000000000023       0x24 ../ass1v2_bsp/\libhal_bsp.a(alt_sys_init.o)
 .comment       0x0000000000000023       0x24 ../ass1v2_bsp/\libhal_bsp.a(altera_avalon_jtag_uart_fd.o)
 .comment       0x0000000000000023       0x24 ../ass1v2_bsp/\libhal_bsp.a(altera_avalon_jtag_uart_init.o)
 .comment       0x0000000000000023       0x24 ../ass1v2_bsp/\libhal_bsp.a(altera_avalon_jtag_uart_ioctl.o)
 .comment       0x0000000000000023       0x24 ../ass1v2_bsp/\libhal_bsp.a(altera_avalon_jtag_uart_read.o)
 .comment       0x0000000000000023       0x24 ../ass1v2_bsp/\libhal_bsp.a(altera_avalon_jtag_uart_write.o)
 .comment       0x0000000000000023       0x24 ../ass1v2_bsp/\libhal_bsp.a(altera_avalon_lcd_16207.o)
 .comment       0x0000000000000023       0x24 ../ass1v2_bsp/\libhal_bsp.a(altera_avalon_lcd_16207_fd.o)
 .comment       0x0000000000000023       0x24 ../ass1v2_bsp/\libhal_bsp.a(altera_avalon_timer_sc.o)
 .comment       0x0000000000000023       0x24 ../ass1v2_bsp/\libhal_bsp.a(altera_avalon_uart_fd.o)
 .comment       0x0000000000000023       0x24 ../ass1v2_bsp/\libhal_bsp.a(altera_avalon_uart_init.o)
 .comment       0x0000000000000023       0x24 ../ass1v2_bsp/\libhal_bsp.a(altera_avalon_uart_read.o)
 .comment       0x0000000000000023       0x24 ../ass1v2_bsp/\libhal_bsp.a(altera_avalon_uart_write.o)
 .comment       0x0000000000000023       0x24 ../ass1v2_bsp/\libhal_bsp.a(alt_alarm_start.o)
 .comment       0x0000000000000023       0x24 ../ass1v2_bsp/\libhal_bsp.a(alt_close.o)
 .comment       0x0000000000000023       0x24 ../ass1v2_bsp/\libhal_bsp.a(alt_dcache_flush_all.o)
 .comment       0x0000000000000023       0x24 ../ass1v2_bsp/\libhal_bsp.a(alt_dev.o)
 .comment       0x0000000000000023       0x24 ../ass1v2_bsp/\libhal_bsp.a(alt_dev_llist_insert.o)
 .comment       0x0000000000000023       0x24 ../ass1v2_bsp/\libhal_bsp.a(alt_do_ctors.o)
 .comment       0x0000000000000023       0x24 ../ass1v2_bsp/\libhal_bsp.a(alt_do_dtors.o)
 .comment       0x0000000000000023       0x24 ../ass1v2_bsp/\libhal_bsp.a(alt_errno.o)
 .comment       0x0000000000000023       0x24 ../ass1v2_bsp/\libhal_bsp.a(alt_icache_flush_all.o)
 .comment       0x0000000000000023       0x24 ../ass1v2_bsp/\libhal_bsp.a(alt_iic.o)
 .comment       0x0000000000000023       0x24 ../ass1v2_bsp/\libhal_bsp.a(alt_iic_isr_register.o)
 .comment       0x0000000000000023       0x24 ../ass1v2_bsp/\libhal_bsp.a(alt_io_redirect.o)
 .comment       0x0000000000000023       0x24 ../ass1v2_bsp/\libhal_bsp.a(alt_irq_handler.o)
 .comment       0x0000000000000023       0x24 ../ass1v2_bsp/\libhal_bsp.a(alt_irq_vars.o)
 .comment       0x0000000000000023       0x24 ../ass1v2_bsp/\libhal_bsp.a(alt_open.o)
 .comment       0x0000000000000023       0x24 ../ass1v2_bsp/\libhal_bsp.a(alt_release_fd.o)
 .comment       0x0000000000000023       0x24 ../ass1v2_bsp/\libhal_bsp.a(alt_tick.o)
 .comment       0x0000000000000023       0x24 ../ass1v2_bsp/\libhal_bsp.a(alt_usleep.o)
 .comment       0x0000000000000023       0x24 ../ass1v2_bsp/\libhal_bsp.a(altera_nios2_gen2_irq.o)
 .comment       0x0000000000000023       0x24 ../ass1v2_bsp/\libhal_bsp.a(alt_busy_sleep.o)
 .comment       0x0000000000000023       0x24 ../ass1v2_bsp/\libhal_bsp.a(alt_find_dev.o)
 .comment       0x0000000000000023       0x24 ../ass1v2_bsp/\libhal_bsp.a(alt_find_file.o)
 .comment       0x0000000000000023       0x24 ../ass1v2_bsp/\libhal_bsp.a(alt_get_fd.o)
 .comment       0x0000000000000023       0x24 ../ass1v2_bsp/\libhal_bsp.a(alt_icache_flush.o)
 .comment       0x0000000000000023       0x24 ../ass1v2_bsp/\libhal_bsp.a(alt_instruction_exception_entry.o)
 .comment       0x0000000000000023       0x24 c:/intelfpga/16.1/nios2eds/bin/gnu/h-x86_64-mingw32/bin/../lib/gcc/nios2-elf/5.3.0/../../../../../H-x86_64-mingw32/nios2-elf/lib\libc.a(lib_a-atexit.o)
 .comment       0x0000000000000023       0x24 c:/intelfpga/16.1/nios2eds/bin/gnu/h-x86_64-mingw32/bin/../lib/gcc/nios2-elf/5.3.0/../../../../../H-x86_64-mingw32/nios2-elf/lib\libc.a(lib_a-ctype_.o)
 .comment       0x0000000000000023       0x24 c:/intelfpga/16.1/nios2eds/bin/gnu/h-x86_64-mingw32/bin/../lib/gcc/nios2-elf/5.3.0/../../../../../H-x86_64-mingw32/nios2-elf/lib\libc.a(lib_a-exit.o)
 .comment       0x0000000000000023       0x24 c:/intelfpga/16.1/nios2eds/bin/gnu/h-x86_64-mingw32/bin/../lib/gcc/nios2-elf/5.3.0/../../../../../H-x86_64-mingw32/nios2-elf/lib\libc.a(lib_a-impure.o)
 .comment       0x0000000000000023       0x24 c:/intelfpga/16.1/nios2eds/bin/gnu/h-x86_64-mingw32/bin/../lib/gcc/nios2-elf/5.3.0/../../../../../H-x86_64-mingw32/nios2-elf/lib\libc.a(lib_a-int_errno.o)
 .comment       0x0000000000000023       0x24 c:/intelfpga/16.1/nios2eds/bin/gnu/h-x86_64-mingw32/bin/../lib/gcc/nios2-elf/5.3.0/../../../../../H-x86_64-mingw32/nios2-elf/lib\libc.a(lib_a-memcmp.o)
 .comment       0x0000000000000023       0x24 c:/intelfpga/16.1/nios2eds/bin/gnu/h-x86_64-mingw32/bin/../lib/gcc/nios2-elf/5.3.0/../../../../../H-x86_64-mingw32/nios2-elf/lib\libc.a(lib_a-memcpy.o)
 .comment       0x0000000000000023       0x24 c:/intelfpga/16.1/nios2eds/bin/gnu/h-x86_64-mingw32/bin/../lib/gcc/nios2-elf/5.3.0/../../../../../H-x86_64-mingw32/nios2-elf/lib\libc.a(lib_a-memset.o)
 .comment       0x0000000000000023       0x24 c:/intelfpga/16.1/nios2eds/bin/gnu/h-x86_64-mingw32/bin/../lib/gcc/nios2-elf/5.3.0/../../../../../H-x86_64-mingw32/nios2-elf/lib\libc.a(lib_a-strlen.o)
 .comment       0x0000000000000023       0x24 c:/intelfpga/16.1/nios2eds/bin/gnu/h-x86_64-mingw32/bin/../lib/gcc/nios2-elf/5.3.0/../../../../../H-x86_64-mingw32/nios2-elf/lib\libc.a(lib_a-__atexit.o)
 .comment       0x0000000000000023       0x24 c:/intelfpga/16.1/nios2eds/bin/gnu/h-x86_64-mingw32/bin/../lib/gcc/nios2-elf/5.3.0/../../../../../H-x86_64-mingw32/nios2-elf/lib\libc.a(lib_a-__call_atexit.o)
 .comment       0x0000000000000023       0x24 c:/intelfpga/16.1/nios2eds/bin/gnu/h-x86_64-mingw32/bin/../lib/gcc/nios2-elf/5.3.0\libgcc.a(lib2-divmod.o)
 .comment       0x0000000000000023       0x24 ../ass1v2_bsp/\libhal_bsp.a(alt_exit.o)

.debug
 *(.debug)

.line
 *(.line)

.debug_srcinfo
 *(.debug_srcinfo)

.debug_sfnames
 *(.debug_sfnames)

.debug_aranges  0x0000000000000000      0x710
 *(.debug_aranges)
 .debug_aranges
                0x0000000000000000       0x28 ../ass1v2_bsp//obj/HAL/src/crt0.o
 .debug_aranges
                0x0000000000000028       0x20 ../ass1v2_bsp/\libhal_bsp.a(alt_load.o)
 .debug_aranges
                0x0000000000000048       0x20 ../ass1v2_bsp/\libhal_bsp.a(alt_main.o)
 .debug_aranges
                0x0000000000000068       0x20 ../ass1v2_bsp/\libhal_bsp.a(alt_sys_init.o)
 .debug_aranges
                0x0000000000000088       0x20 ../ass1v2_bsp/\libhal_bsp.a(altera_avalon_jtag_uart_fd.o)
 .debug_aranges
                0x00000000000000a8       0x20 ../ass1v2_bsp/\libhal_bsp.a(altera_avalon_jtag_uart_init.o)
 .debug_aranges
                0x00000000000000c8       0x20 ../ass1v2_bsp/\libhal_bsp.a(altera_avalon_jtag_uart_ioctl.o)
 .debug_aranges
                0x00000000000000e8       0x20 ../ass1v2_bsp/\libhal_bsp.a(altera_avalon_jtag_uart_read.o)
 .debug_aranges
                0x0000000000000108       0x20 ../ass1v2_bsp/\libhal_bsp.a(altera_avalon_jtag_uart_write.o)
 .debug_aranges
                0x0000000000000128       0x20 ../ass1v2_bsp/\libhal_bsp.a(altera_avalon_lcd_16207.o)
 .debug_aranges
                0x0000000000000148       0x20 ../ass1v2_bsp/\libhal_bsp.a(altera_avalon_lcd_16207_fd.o)
 .debug_aranges
                0x0000000000000168       0x20 ../ass1v2_bsp/\libhal_bsp.a(altera_avalon_timer_sc.o)
 .debug_aranges
                0x0000000000000188       0x20 ../ass1v2_bsp/\libhal_bsp.a(altera_avalon_uart_fd.o)
 .debug_aranges
                0x00000000000001a8       0x20 ../ass1v2_bsp/\libhal_bsp.a(altera_avalon_uart_init.o)
 .debug_aranges
                0x00000000000001c8       0x20 ../ass1v2_bsp/\libhal_bsp.a(altera_avalon_uart_read.o)
 .debug_aranges
                0x00000000000001e8       0x20 ../ass1v2_bsp/\libhal_bsp.a(altera_avalon_uart_write.o)
 .debug_aranges
                0x0000000000000208       0x20 ../ass1v2_bsp/\libhal_bsp.a(alt_alarm_start.o)
 .debug_aranges
                0x0000000000000228       0x20 ../ass1v2_bsp/\libhal_bsp.a(alt_close.o)
 .debug_aranges
                0x0000000000000248       0x20 ../ass1v2_bsp/\libhal_bsp.a(alt_dcache_flush_all.o)
 .debug_aranges
                0x0000000000000268       0x20 ../ass1v2_bsp/\libhal_bsp.a(alt_dev.o)
 .debug_aranges
                0x0000000000000288       0x20 ../ass1v2_bsp/\libhal_bsp.a(alt_dev_llist_insert.o)
 .debug_aranges
                0x00000000000002a8       0x20 ../ass1v2_bsp/\libhal_bsp.a(alt_do_ctors.o)
 .debug_aranges
                0x00000000000002c8       0x20 ../ass1v2_bsp/\libhal_bsp.a(alt_do_dtors.o)
 .debug_aranges
                0x00000000000002e8       0x18 ../ass1v2_bsp/\libhal_bsp.a(alt_errno.o)
 .debug_aranges
                0x0000000000000300       0x20 ../ass1v2_bsp/\libhal_bsp.a(alt_icache_flush_all.o)
 .debug_aranges
                0x0000000000000320       0x20 ../ass1v2_bsp/\libhal_bsp.a(alt_iic.o)
 .debug_aranges
                0x0000000000000340       0x20 ../ass1v2_bsp/\libhal_bsp.a(alt_iic_isr_register.o)
 .debug_aranges
                0x0000000000000360       0x20 ../ass1v2_bsp/\libhal_bsp.a(alt_io_redirect.o)
 .debug_aranges
                0x0000000000000380       0x30 ../ass1v2_bsp/\libhal_bsp.a(alt_irq_entry.o)
 .debug_aranges
                0x00000000000003b0       0x20 ../ass1v2_bsp/\libhal_bsp.a(alt_irq_handler.o)
 .debug_aranges
                0x00000000000003d0       0x18 ../ass1v2_bsp/\libhal_bsp.a(alt_irq_vars.o)
 .debug_aranges
                0x00000000000003e8       0x20 ../ass1v2_bsp/\libhal_bsp.a(alt_open.o)
 .debug_aranges
                0x0000000000000408       0x20 ../ass1v2_bsp/\libhal_bsp.a(alt_release_fd.o)
 .debug_aranges
                0x0000000000000428       0x20 ../ass1v2_bsp/\libhal_bsp.a(alt_tick.o)
 .debug_aranges
                0x0000000000000448       0x20 ../ass1v2_bsp/\libhal_bsp.a(alt_usleep.o)
 .debug_aranges
                0x0000000000000468       0x20 ../ass1v2_bsp/\libhal_bsp.a(altera_nios2_gen2_irq.o)
 .debug_aranges
                0x0000000000000488       0x20 ../ass1v2_bsp/\libhal_bsp.a(alt_busy_sleep.o)
 .debug_aranges
                0x00000000000004a8       0x38 ../ass1v2_bsp/\libhal_bsp.a(alt_exception_entry.o)
 .debug_aranges
                0x00000000000004e0       0x20 ../ass1v2_bsp/\libhal_bsp.a(alt_find_dev.o)
 .debug_aranges
                0x0000000000000500       0x20 ../ass1v2_bsp/\libhal_bsp.a(alt_find_file.o)
 .debug_aranges
                0x0000000000000520       0x20 ../ass1v2_bsp/\libhal_bsp.a(alt_get_fd.o)
 .debug_aranges
                0x0000000000000540       0x20 ../ass1v2_bsp/\libhal_bsp.a(alt_icache_flush.o)
 .debug_aranges
                0x0000000000000560       0x28 ../ass1v2_bsp/\libhal_bsp.a(alt_instruction_exception_entry.o)
 .debug_aranges
                0x0000000000000588       0x20 c:/intelfpga/16.1/nios2eds/bin/gnu/h-x86_64-mingw32/bin/../lib/gcc/nios2-elf/5.3.0/../../../../../H-x86_64-mingw32/nios2-elf/lib\libc.a(lib_a-atexit.o)
 .debug_aranges
                0x00000000000005a8       0x18 c:/intelfpga/16.1/nios2eds/bin/gnu/h-x86_64-mingw32/bin/../lib/gcc/nios2-elf/5.3.0/../../../../../H-x86_64-mingw32/nios2-elf/lib\libc.a(lib_a-ctype_.o)
 .debug_aranges
                0x00000000000005c0       0x20 c:/intelfpga/16.1/nios2eds/bin/gnu/h-x86_64-mingw32/bin/../lib/gcc/nios2-elf/5.3.0/../../../../../H-x86_64-mingw32/nios2-elf/lib\libc.a(lib_a-exit.o)
 .debug_aranges
                0x00000000000005e0       0x18 c:/intelfpga/16.1/nios2eds/bin/gnu/h-x86_64-mingw32/bin/../lib/gcc/nios2-elf/5.3.0/../../../../../H-x86_64-mingw32/nios2-elf/lib\libc.a(lib_a-impure.o)
 .debug_aranges
                0x00000000000005f8       0x18 c:/intelfpga/16.1/nios2eds/bin/gnu/h-x86_64-mingw32/bin/../lib/gcc/nios2-elf/5.3.0/../../../../../H-x86_64-mingw32/nios2-elf/lib\libc.a(lib_a-int_errno.o)
 .debug_aranges
                0x0000000000000610       0x20 c:/intelfpga/16.1/nios2eds/bin/gnu/h-x86_64-mingw32/bin/../lib/gcc/nios2-elf/5.3.0/../../../../../H-x86_64-mingw32/nios2-elf/lib\libc.a(lib_a-memcmp.o)
 .debug_aranges
                0x0000000000000630       0x20 c:/intelfpga/16.1/nios2eds/bin/gnu/h-x86_64-mingw32/bin/../lib/gcc/nios2-elf/5.3.0/../../../../../H-x86_64-mingw32/nios2-elf/lib\libc.a(lib_a-memcpy.o)
 .debug_aranges
                0x0000000000000650       0x20 c:/intelfpga/16.1/nios2eds/bin/gnu/h-x86_64-mingw32/bin/../lib/gcc/nios2-elf/5.3.0/../../../../../H-x86_64-mingw32/nios2-elf/lib\libc.a(lib_a-memset.o)
 .debug_aranges
                0x0000000000000670       0x20 c:/intelfpga/16.1/nios2eds/bin/gnu/h-x86_64-mingw32/bin/../lib/gcc/nios2-elf/5.3.0/../../../../../H-x86_64-mingw32/nios2-elf/lib\libc.a(lib_a-strlen.o)
 .debug_aranges
                0x0000000000000690       0x20 c:/intelfpga/16.1/nios2eds/bin/gnu/h-x86_64-mingw32/bin/../lib/gcc/nios2-elf/5.3.0/../../../../../H-x86_64-mingw32/nios2-elf/lib\libc.a(lib_a-__atexit.o)
 .debug_aranges
                0x00000000000006b0       0x20 c:/intelfpga/16.1/nios2eds/bin/gnu/h-x86_64-mingw32/bin/../lib/gcc/nios2-elf/5.3.0/../../../../../H-x86_64-mingw32/nios2-elf/lib\libc.a(lib_a-__call_atexit.o)
 .debug_aranges
                0x00000000000006d0       0x20 c:/intelfpga/16.1/nios2eds/bin/gnu/h-x86_64-mingw32/bin/../lib/gcc/nios2-elf/5.3.0\libgcc.a(lib2-divmod.o)
 .debug_aranges
                0x00000000000006f0       0x20 ../ass1v2_bsp/\libhal_bsp.a(alt_exit.o)

.debug_pubnames
 *(.debug_pubnames)

.debug_info     0x0000000000000000     0x985b
 *(.debug_info .gnu.linkonce.wi.*)
 .debug_info    0x0000000000000000       0x6f ../ass1v2_bsp//obj/HAL/src/crt0.o
 .debug_info    0x000000000000006f      0x145 ../ass1v2_bsp/\libhal_bsp.a(alt_load.o)
 .debug_info    0x00000000000001b4      0x131 ../ass1v2_bsp/\libhal_bsp.a(alt_main.o)
 .debug_info    0x00000000000002e5      0x723 ../ass1v2_bsp/\libhal_bsp.a(alt_sys_init.o)
 .debug_info    0x0000000000000a08      0x52e ../ass1v2_bsp/\libhal_bsp.a(altera_avalon_jtag_uart_fd.o)
 .debug_info    0x0000000000000f36      0x3a0 ../ass1v2_bsp/\libhal_bsp.a(altera_avalon_jtag_uart_init.o)
 .debug_info    0x00000000000012d6      0x280 ../ass1v2_bsp/\libhal_bsp.a(altera_avalon_jtag_uart_ioctl.o)
 .debug_info    0x0000000000001556      0x345 ../ass1v2_bsp/\libhal_bsp.a(altera_avalon_jtag_uart_read.o)
 .debug_info    0x000000000000189b      0x340 ../ass1v2_bsp/\libhal_bsp.a(altera_avalon_jtag_uart_write.o)
 .debug_info    0x0000000000001bdb      0x6d1 ../ass1v2_bsp/\libhal_bsp.a(altera_avalon_lcd_16207.o)
 .debug_info    0x00000000000022ac      0x4cc ../ass1v2_bsp/\libhal_bsp.a(altera_avalon_lcd_16207_fd.o)
 .debug_info    0x0000000000002778      0x226 ../ass1v2_bsp/\libhal_bsp.a(altera_avalon_timer_sc.o)
 .debug_info    0x000000000000299e      0x447 ../ass1v2_bsp/\libhal_bsp.a(altera_avalon_uart_fd.o)
 .debug_info    0x0000000000002de5      0x333 ../ass1v2_bsp/\libhal_bsp.a(altera_avalon_uart_init.o)
 .debug_info    0x0000000000003118      0x319 ../ass1v2_bsp/\libhal_bsp.a(altera_avalon_uart_read.o)
 .debug_info    0x0000000000003431      0x31e ../ass1v2_bsp/\libhal_bsp.a(altera_avalon_uart_write.o)
 .debug_info    0x000000000000374f      0x2cc ../ass1v2_bsp/\libhal_bsp.a(alt_alarm_start.o)
 .debug_info    0x0000000000003a1b      0x321 ../ass1v2_bsp/\libhal_bsp.a(alt_close.o)
 .debug_info    0x0000000000003d3c       0xa5 ../ass1v2_bsp/\libhal_bsp.a(alt_dcache_flush_all.o)
 .debug_info    0x0000000000003de1      0x49c ../ass1v2_bsp/\libhal_bsp.a(alt_dev.o)
 .debug_info    0x000000000000427d      0x1a9 ../ass1v2_bsp/\libhal_bsp.a(alt_dev_llist_insert.o)
 .debug_info    0x0000000000004426       0x83 ../ass1v2_bsp/\libhal_bsp.a(alt_do_ctors.o)
 .debug_info    0x00000000000044a9       0x83 ../ass1v2_bsp/\libhal_bsp.a(alt_do_dtors.o)
 .debug_info    0x000000000000452c       0xa6 ../ass1v2_bsp/\libhal_bsp.a(alt_errno.o)
 .debug_info    0x00000000000045d2       0x92 ../ass1v2_bsp/\libhal_bsp.a(alt_icache_flush_all.o)
 .debug_info    0x0000000000004664      0x350 ../ass1v2_bsp/\libhal_bsp.a(alt_iic.o)
 .debug_info    0x00000000000049b4      0x1ef ../ass1v2_bsp/\libhal_bsp.a(alt_iic_isr_register.o)
 .debug_info    0x0000000000004ba3      0x4a5 ../ass1v2_bsp/\libhal_bsp.a(alt_io_redirect.o)
 .debug_info    0x0000000000005048       0x78 ../ass1v2_bsp/\libhal_bsp.a(alt_irq_entry.o)
 .debug_info    0x00000000000050c0      0x187 ../ass1v2_bsp/\libhal_bsp.a(alt_irq_handler.o)
 .debug_info    0x0000000000005247       0x88 ../ass1v2_bsp/\libhal_bsp.a(alt_irq_vars.o)
 .debug_info    0x00000000000052cf      0x3bb ../ass1v2_bsp/\libhal_bsp.a(alt_open.o)
 .debug_info    0x000000000000568a      0x2b0 ../ass1v2_bsp/\libhal_bsp.a(alt_release_fd.o)
 .debug_info    0x000000000000593a      0x299 ../ass1v2_bsp/\libhal_bsp.a(alt_tick.o)
 .debug_info    0x0000000000005bd3       0xb0 ../ass1v2_bsp/\libhal_bsp.a(alt_usleep.o)
 .debug_info    0x0000000000005c83       0x92 ../ass1v2_bsp/\libhal_bsp.a(altera_nios2_gen2_irq.o)
 .debug_info    0x0000000000005d15       0xd7 ../ass1v2_bsp/\libhal_bsp.a(alt_busy_sleep.o)
 .debug_info    0x0000000000005dec       0x7e ../ass1v2_bsp/\libhal_bsp.a(alt_exception_entry.o)
 .debug_info    0x0000000000005e6a      0x2e9 ../ass1v2_bsp/\libhal_bsp.a(alt_find_dev.o)
 .debug_info    0x0000000000006153      0x2e6 ../ass1v2_bsp/\libhal_bsp.a(alt_find_file.o)
 .debug_info    0x0000000000006439      0x310 ../ass1v2_bsp/\libhal_bsp.a(alt_get_fd.o)
 .debug_info    0x0000000000006749       0xdc ../ass1v2_bsp/\libhal_bsp.a(alt_icache_flush.o)
 .debug_info    0x0000000000006825      0x1e7 ../ass1v2_bsp/\libhal_bsp.a(alt_instruction_exception_entry.o)
 .debug_info    0x0000000000006a0c       0xfe c:/intelfpga/16.1/nios2eds/bin/gnu/h-x86_64-mingw32/bin/../lib/gcc/nios2-elf/5.3.0/../../../../../H-x86_64-mingw32/nios2-elf/lib\libc.a(lib_a-atexit.o)
 .debug_info    0x0000000000006b0a       0x96 c:/intelfpga/16.1/nios2eds/bin/gnu/h-x86_64-mingw32/bin/../lib/gcc/nios2-elf/5.3.0/../../../../../H-x86_64-mingw32/nios2-elf/lib\libc.a(lib_a-ctype_.o)
 .debug_info    0x0000000000006ba0      0x8e4 c:/intelfpga/16.1/nios2eds/bin/gnu/h-x86_64-mingw32/bin/../lib/gcc/nios2-elf/5.3.0/../../../../../H-x86_64-mingw32/nios2-elf/lib\libc.a(lib_a-exit.o)
 .debug_info    0x0000000000007484      0x8a1 c:/intelfpga/16.1/nios2eds/bin/gnu/h-x86_64-mingw32/bin/../lib/gcc/nios2-elf/5.3.0/../../../../../H-x86_64-mingw32/nios2-elf/lib\libc.a(lib_a-impure.o)
 .debug_info    0x0000000000007d25       0x8a c:/intelfpga/16.1/nios2eds/bin/gnu/h-x86_64-mingw32/bin/../lib/gcc/nios2-elf/5.3.0/../../../../../H-x86_64-mingw32/nios2-elf/lib\libc.a(lib_a-int_errno.o)
 .debug_info    0x0000000000007daf      0x11a c:/intelfpga/16.1/nios2eds/bin/gnu/h-x86_64-mingw32/bin/../lib/gcc/nios2-elf/5.3.0/../../../../../H-x86_64-mingw32/nios2-elf/lib\libc.a(lib_a-memcmp.o)
 .debug_info    0x0000000000007ec9      0x144 c:/intelfpga/16.1/nios2eds/bin/gnu/h-x86_64-mingw32/bin/../lib/gcc/nios2-elf/5.3.0/../../../../../H-x86_64-mingw32/nios2-elf/lib\libc.a(lib_a-memcpy.o)
 .debug_info    0x000000000000800d      0x121 c:/intelfpga/16.1/nios2eds/bin/gnu/h-x86_64-mingw32/bin/../lib/gcc/nios2-elf/5.3.0/../../../../../H-x86_64-mingw32/nios2-elf/lib\libc.a(lib_a-memset.o)
 .debug_info    0x000000000000812e       0xe2 c:/intelfpga/16.1/nios2eds/bin/gnu/h-x86_64-mingw32/bin/../lib/gcc/nios2-elf/5.3.0/../../../../../H-x86_64-mingw32/nios2-elf/lib\libc.a(lib_a-strlen.o)
 .debug_info    0x0000000000008210      0x934 c:/intelfpga/16.1/nios2eds/bin/gnu/h-x86_64-mingw32/bin/../lib/gcc/nios2-elf/5.3.0/../../../../../H-x86_64-mingw32/nios2-elf/lib\libc.a(lib_a-__atexit.o)
 .debug_info    0x0000000000008b44      0x965 c:/intelfpga/16.1/nios2eds/bin/gnu/h-x86_64-mingw32/bin/../lib/gcc/nios2-elf/5.3.0/../../../../../H-x86_64-mingw32/nios2-elf/lib\libc.a(lib_a-__call_atexit.o)
 .debug_info    0x00000000000094a9      0x2c6 c:/intelfpga/16.1/nios2eds/bin/gnu/h-x86_64-mingw32/bin/../lib/gcc/nios2-elf/5.3.0\libgcc.a(lib2-divmod.o)
 .debug_info    0x000000000000976f       0xec ../ass1v2_bsp/\libhal_bsp.a(alt_exit.o)

.debug_abbrev   0x0000000000000000     0x360f
 *(.debug_abbrev)
 .debug_abbrev  0x0000000000000000       0x12 ../ass1v2_bsp//obj/HAL/src/crt0.o
 .debug_abbrev  0x0000000000000012       0x9f ../ass1v2_bsp/\libhal_bsp.a(alt_load.o)
 .debug_abbrev  0x00000000000000b1       0xba ../ass1v2_bsp/\libhal_bsp.a(alt_main.o)
 .debug_abbrev  0x000000000000016b      0x19f ../ass1v2_bsp/\libhal_bsp.a(alt_sys_init.o)
 .debug_abbrev  0x000000000000030a      0x127 ../ass1v2_bsp/\libhal_bsp.a(altera_avalon_jtag_uart_fd.o)
 .debug_abbrev  0x0000000000000431      0x19e ../ass1v2_bsp/\libhal_bsp.a(altera_avalon_jtag_uart_init.o)
 .debug_abbrev  0x00000000000005cf      0x111 ../ass1v2_bsp/\libhal_bsp.a(altera_avalon_jtag_uart_ioctl.o)
 .debug_abbrev  0x00000000000006e0      0x1aa ../ass1v2_bsp/\libhal_bsp.a(altera_avalon_jtag_uart_read.o)
 .debug_abbrev  0x000000000000088a      0x1a8 ../ass1v2_bsp/\libhal_bsp.a(altera_avalon_jtag_uart_write.o)
 .debug_abbrev  0x0000000000000a32      0x20f ../ass1v2_bsp/\libhal_bsp.a(altera_avalon_lcd_16207.o)
 .debug_abbrev  0x0000000000000c41      0x125 ../ass1v2_bsp/\libhal_bsp.a(altera_avalon_lcd_16207_fd.o)
 .debug_abbrev  0x0000000000000d66      0x155 ../ass1v2_bsp/\libhal_bsp.a(altera_avalon_timer_sc.o)
 .debug_abbrev  0x0000000000000ebb      0x109 ../ass1v2_bsp/\libhal_bsp.a(altera_avalon_uart_fd.o)
 .debug_abbrev  0x0000000000000fc4      0x178 ../ass1v2_bsp/\libhal_bsp.a(altera_avalon_uart_init.o)
 .debug_abbrev  0x000000000000113c      0x183 ../ass1v2_bsp/\libhal_bsp.a(altera_avalon_uart_read.o)
 .debug_abbrev  0x00000000000012bf      0x18a ../ass1v2_bsp/\libhal_bsp.a(altera_avalon_uart_write.o)
 .debug_abbrev  0x0000000000001449      0x162 ../ass1v2_bsp/\libhal_bsp.a(alt_alarm_start.o)
 .debug_abbrev  0x00000000000015ab      0x11f ../ass1v2_bsp/\libhal_bsp.a(alt_close.o)
 .debug_abbrev  0x00000000000016ca       0x5a ../ass1v2_bsp/\libhal_bsp.a(alt_dcache_flush_all.o)
 .debug_abbrev  0x0000000000001724       0xd9 ../ass1v2_bsp/\libhal_bsp.a(alt_dev.o)
 .debug_abbrev  0x00000000000017fd      0x114 ../ass1v2_bsp/\libhal_bsp.a(alt_dev_llist_insert.o)
 .debug_abbrev  0x0000000000001911       0x79 ../ass1v2_bsp/\libhal_bsp.a(alt_do_ctors.o)
 .debug_abbrev  0x000000000000198a       0x79 ../ass1v2_bsp/\libhal_bsp.a(alt_do_dtors.o)
 .debug_abbrev  0x0000000000001a03       0x5a ../ass1v2_bsp/\libhal_bsp.a(alt_errno.o)
 .debug_abbrev  0x0000000000001a5d       0x42 ../ass1v2_bsp/\libhal_bsp.a(alt_icache_flush_all.o)
 .debug_abbrev  0x0000000000001a9f      0x163 ../ass1v2_bsp/\libhal_bsp.a(alt_iic.o)
 .debug_abbrev  0x0000000000001c02      0x169 ../ass1v2_bsp/\libhal_bsp.a(alt_iic_isr_register.o)
 .debug_abbrev  0x0000000000001d6b      0x114 ../ass1v2_bsp/\libhal_bsp.a(alt_io_redirect.o)
 .debug_abbrev  0x0000000000001e7f       0x12 ../ass1v2_bsp/\libhal_bsp.a(alt_irq_entry.o)
 .debug_abbrev  0x0000000000001e91      0x122 ../ass1v2_bsp/\libhal_bsp.a(alt_irq_handler.o)
 .debug_abbrev  0x0000000000001fb3       0x40 ../ass1v2_bsp/\libhal_bsp.a(alt_irq_vars.o)
 .debug_abbrev  0x0000000000001ff3      0x148 ../ass1v2_bsp/\libhal_bsp.a(alt_open.o)
 .debug_abbrev  0x000000000000213b       0xde ../ass1v2_bsp/\libhal_bsp.a(alt_release_fd.o)
 .debug_abbrev  0x0000000000002219      0x15a ../ass1v2_bsp/\libhal_bsp.a(alt_tick.o)
 .debug_abbrev  0x0000000000002373       0x60 ../ass1v2_bsp/\libhal_bsp.a(alt_usleep.o)
 .debug_abbrev  0x00000000000023d3       0x42 ../ass1v2_bsp/\libhal_bsp.a(altera_nios2_gen2_irq.o)
 .debug_abbrev  0x0000000000002415       0x7e ../ass1v2_bsp/\libhal_bsp.a(alt_busy_sleep.o)
 .debug_abbrev  0x0000000000002493       0x12 ../ass1v2_bsp/\libhal_bsp.a(alt_exception_entry.o)
 .debug_abbrev  0x00000000000024a5       0xf0 ../ass1v2_bsp/\libhal_bsp.a(alt_find_dev.o)
 .debug_abbrev  0x0000000000002595       0xf0 ../ass1v2_bsp/\libhal_bsp.a(alt_find_file.o)
 .debug_abbrev  0x0000000000002685      0x10d ../ass1v2_bsp/\libhal_bsp.a(alt_get_fd.o)
 .debug_abbrev  0x0000000000002792       0x8c ../ass1v2_bsp/\libhal_bsp.a(alt_icache_flush.o)
 .debug_abbrev  0x000000000000281e       0xdc ../ass1v2_bsp/\libhal_bsp.a(alt_instruction_exception_entry.o)
 .debug_abbrev  0x00000000000028fa       0xaa c:/intelfpga/16.1/nios2eds/bin/gnu/h-x86_64-mingw32/bin/../lib/gcc/nios2-elf/5.3.0/../../../../../H-x86_64-mingw32/nios2-elf/lib\libc.a(lib_a-atexit.o)
 .debug_abbrev  0x00000000000029a4       0x5d c:/intelfpga/16.1/nios2eds/bin/gnu/h-x86_64-mingw32/bin/../lib/gcc/nios2-elf/5.3.0/../../../../../H-x86_64-mingw32/nios2-elf/lib\libc.a(lib_a-ctype_.o)
 .debug_abbrev  0x0000000000002a01      0x1e5 c:/intelfpga/16.1/nios2eds/bin/gnu/h-x86_64-mingw32/bin/../lib/gcc/nios2-elf/5.3.0/../../../../../H-x86_64-mingw32/nios2-elf/lib\libc.a(lib_a-exit.o)
 .debug_abbrev  0x0000000000002be6      0x18f c:/intelfpga/16.1/nios2eds/bin/gnu/h-x86_64-mingw32/bin/../lib/gcc/nios2-elf/5.3.0/../../../../../H-x86_64-mingw32/nios2-elf/lib\libc.a(lib_a-impure.o)
 .debug_abbrev  0x0000000000002d75       0x37 c:/intelfpga/16.1/nios2eds/bin/gnu/h-x86_64-mingw32/bin/../lib/gcc/nios2-elf/5.3.0/../../../../../H-x86_64-mingw32/nios2-elf/lib\libc.a(lib_a-int_errno.o)
 .debug_abbrev  0x0000000000002dac       0x7f c:/intelfpga/16.1/nios2eds/bin/gnu/h-x86_64-mingw32/bin/../lib/gcc/nios2-elf/5.3.0/../../../../../H-x86_64-mingw32/nios2-elf/lib\libc.a(lib_a-memcmp.o)
 .debug_abbrev  0x0000000000002e2b       0xa3 c:/intelfpga/16.1/nios2eds/bin/gnu/h-x86_64-mingw32/bin/../lib/gcc/nios2-elf/5.3.0/../../../../../H-x86_64-mingw32/nios2-elf/lib\libc.a(lib_a-memcpy.o)
 .debug_abbrev  0x0000000000002ece       0xae c:/intelfpga/16.1/nios2eds/bin/gnu/h-x86_64-mingw32/bin/../lib/gcc/nios2-elf/5.3.0/../../../../../H-x86_64-mingw32/nios2-elf/lib\libc.a(lib_a-memset.o)
 .debug_abbrev  0x0000000000002f7c       0x90 c:/intelfpga/16.1/nios2eds/bin/gnu/h-x86_64-mingw32/bin/../lib/gcc/nios2-elf/5.3.0/../../../../../H-x86_64-mingw32/nios2-elf/lib\libc.a(lib_a-strlen.o)
 .debug_abbrev  0x000000000000300c      0x21e c:/intelfpga/16.1/nios2eds/bin/gnu/h-x86_64-mingw32/bin/../lib/gcc/nios2-elf/5.3.0/../../../../../H-x86_64-mingw32/nios2-elf/lib\libc.a(lib_a-__atexit.o)
 .debug_abbrev  0x000000000000322a      0x22e c:/intelfpga/16.1/nios2eds/bin/gnu/h-x86_64-mingw32/bin/../lib/gcc/nios2-elf/5.3.0/../../../../../H-x86_64-mingw32/nios2-elf/lib\libc.a(lib_a-__call_atexit.o)
 .debug_abbrev  0x0000000000003458      0x10e c:/intelfpga/16.1/nios2eds/bin/gnu/h-x86_64-mingw32/bin/../lib/gcc/nios2-elf/5.3.0\libgcc.a(lib2-divmod.o)
 .debug_abbrev  0x0000000000003566       0xa9 ../ass1v2_bsp/\libhal_bsp.a(alt_exit.o)

.debug_line     0x0000000000000000     0x38db
 *(.debug_line)
 .debug_line    0x0000000000000000       0x72 ../ass1v2_bsp//obj/HAL/src/crt0.o
 .debug_line    0x0000000000000072       0x8e ../ass1v2_bsp/\libhal_bsp.a(alt_load.o)
 .debug_line    0x0000000000000100       0xa4 ../ass1v2_bsp/\libhal_bsp.a(alt_main.o)
 .debug_line    0x00000000000001a4      0x1c5 ../ass1v2_bsp/\libhal_bsp.a(alt_sys_init.o)
 .debug_line    0x0000000000000369      0x12f ../ass1v2_bsp/\libhal_bsp.a(altera_avalon_jtag_uart_fd.o)
 .debug_line    0x0000000000000498      0x18b ../ass1v2_bsp/\libhal_bsp.a(altera_avalon_jtag_uart_init.o)
 .debug_line    0x0000000000000623      0x131 ../ass1v2_bsp/\libhal_bsp.a(altera_avalon_jtag_uart_ioctl.o)
 .debug_line    0x0000000000000754      0x171 ../ass1v2_bsp/\libhal_bsp.a(altera_avalon_jtag_uart_read.o)
 .debug_line    0x00000000000008c5      0x170 ../ass1v2_bsp/\libhal_bsp.a(altera_avalon_jtag_uart_write.o)
 .debug_line    0x0000000000000a35      0x33e ../ass1v2_bsp/\libhal_bsp.a(altera_avalon_lcd_16207.o)
 .debug_line    0x0000000000000d73      0x119 ../ass1v2_bsp/\libhal_bsp.a(altera_avalon_lcd_16207_fd.o)
 .debug_line    0x0000000000000e8c       0xfd ../ass1v2_bsp/\libhal_bsp.a(altera_avalon_timer_sc.o)
 .debug_line    0x0000000000000f89       0xee ../ass1v2_bsp/\libhal_bsp.a(altera_avalon_uart_fd.o)
 .debug_line    0x0000000000001077      0x18f ../ass1v2_bsp/\libhal_bsp.a(altera_avalon_uart_init.o)
 .debug_line    0x0000000000001206      0x17e ../ass1v2_bsp/\libhal_bsp.a(altera_avalon_uart_read.o)
 .debug_line    0x0000000000001384      0x165 ../ass1v2_bsp/\libhal_bsp.a(altera_avalon_uart_write.o)
 .debug_line    0x00000000000014e9       0xf9 ../ass1v2_bsp/\libhal_bsp.a(alt_alarm_start.o)
 .debug_line    0x00000000000015e2      0x160 ../ass1v2_bsp/\libhal_bsp.a(alt_close.o)
 .debug_line    0x0000000000001742       0x61 ../ass1v2_bsp/\libhal_bsp.a(alt_dcache_flush_all.o)
 .debug_line    0x00000000000017a3       0xf3 ../ass1v2_bsp/\libhal_bsp.a(alt_dev.o)
 .debug_line    0x0000000000001896       0xcf ../ass1v2_bsp/\libhal_bsp.a(alt_dev_llist_insert.o)
 .debug_line    0x0000000000001965       0x59 ../ass1v2_bsp/\libhal_bsp.a(alt_do_ctors.o)
 .debug_line    0x00000000000019be       0x59 ../ass1v2_bsp/\libhal_bsp.a(alt_do_dtors.o)
 .debug_line    0x0000000000001a17       0x51 ../ass1v2_bsp/\libhal_bsp.a(alt_errno.o)
 .debug_line    0x0000000000001a68       0x50 ../ass1v2_bsp/\libhal_bsp.a(alt_icache_flush_all.o)
 .debug_line    0x0000000000001ab8       0xeb ../ass1v2_bsp/\libhal_bsp.a(alt_iic.o)
 .debug_line    0x0000000000001ba3       0xdb ../ass1v2_bsp/\libhal_bsp.a(alt_iic_isr_register.o)
 .debug_line    0x0000000000001c7e      0x12e ../ass1v2_bsp/\libhal_bsp.a(alt_io_redirect.o)
 .debug_line    0x0000000000001dac       0x6b ../ass1v2_bsp/\libhal_bsp.a(alt_irq_entry.o)
 .debug_line    0x0000000000001e17       0xaa ../ass1v2_bsp/\libhal_bsp.a(alt_irq_handler.o)
 .debug_line    0x0000000000001ec1       0x50 ../ass1v2_bsp/\libhal_bsp.a(alt_irq_vars.o)
 .debug_line    0x0000000000001f11      0x128 ../ass1v2_bsp/\libhal_bsp.a(alt_open.o)
 .debug_line    0x0000000000002039       0xae ../ass1v2_bsp/\libhal_bsp.a(alt_release_fd.o)
 .debug_line    0x00000000000020e7       0xff ../ass1v2_bsp/\libhal_bsp.a(alt_tick.o)
 .debug_line    0x00000000000021e6       0xa8 ../ass1v2_bsp/\libhal_bsp.a(alt_usleep.o)
 .debug_line    0x000000000000228e       0x51 ../ass1v2_bsp/\libhal_bsp.a(altera_nios2_gen2_irq.o)
 .debug_line    0x00000000000022df       0xa0 ../ass1v2_bsp/\libhal_bsp.a(alt_busy_sleep.o)
 .debug_line    0x000000000000237f       0xb3 ../ass1v2_bsp/\libhal_bsp.a(alt_exception_entry.o)
 .debug_line    0x0000000000002432       0xb5 ../ass1v2_bsp/\libhal_bsp.a(alt_find_dev.o)
 .debug_line    0x00000000000024e7       0xd1 ../ass1v2_bsp/\libhal_bsp.a(alt_find_file.o)
 .debug_line    0x00000000000025b8       0xd4 ../ass1v2_bsp/\libhal_bsp.a(alt_get_fd.o)
 .debug_line    0x000000000000268c       0x81 ../ass1v2_bsp/\libhal_bsp.a(alt_icache_flush.o)
 .debug_line    0x000000000000270d       0xba ../ass1v2_bsp/\libhal_bsp.a(alt_instruction_exception_entry.o)
 .debug_line    0x00000000000027c7       0xe4 c:/intelfpga/16.1/nios2eds/bin/gnu/h-x86_64-mingw32/bin/../lib/gcc/nios2-elf/5.3.0/../../../../../H-x86_64-mingw32/nios2-elf/lib\libc.a(lib_a-atexit.o)
 .debug_line    0x00000000000028ab       0xc4 c:/intelfpga/16.1/nios2eds/bin/gnu/h-x86_64-mingw32/bin/../lib/gcc/nios2-elf/5.3.0/../../../../../H-x86_64-mingw32/nios2-elf/lib\libc.a(lib_a-ctype_.o)
 .debug_line    0x000000000000296f      0x1f9 c:/intelfpga/16.1/nios2eds/bin/gnu/h-x86_64-mingw32/bin/../lib/gcc/nios2-elf/5.3.0/../../../../../H-x86_64-mingw32/nios2-elf/lib\libc.a(lib_a-exit.o)
 .debug_line    0x0000000000002b68      0x15d c:/intelfpga/16.1/nios2eds/bin/gnu/h-x86_64-mingw32/bin/../lib/gcc/nios2-elf/5.3.0/../../../../../H-x86_64-mingw32/nios2-elf/lib\libc.a(lib_a-impure.o)
 .debug_line    0x0000000000002cc5       0x5c c:/intelfpga/16.1/nios2eds/bin/gnu/h-x86_64-mingw32/bin/../lib/gcc/nios2-elf/5.3.0/../../../../../H-x86_64-mingw32/nios2-elf/lib\libc.a(lib_a-int_errno.o)
 .debug_line    0x0000000000002d21      0x173 c:/intelfpga/16.1/nios2eds/bin/gnu/h-x86_64-mingw32/bin/../lib/gcc/nios2-elf/5.3.0/../../../../../H-x86_64-mingw32/nios2-elf/lib\libc.a(lib_a-memcmp.o)
 .debug_line    0x0000000000002e94      0x189 c:/intelfpga/16.1/nios2eds/bin/gnu/h-x86_64-mingw32/bin/../lib/gcc/nios2-elf/5.3.0/../../../../../H-x86_64-mingw32/nios2-elf/lib\libc.a(lib_a-memcpy.o)
 .debug_line    0x000000000000301d      0x18c c:/intelfpga/16.1/nios2eds/bin/gnu/h-x86_64-mingw32/bin/../lib/gcc/nios2-elf/5.3.0/../../../../../H-x86_64-mingw32/nios2-elf/lib\libc.a(lib_a-memset.o)
 .debug_line    0x00000000000031a9      0x16c c:/intelfpga/16.1/nios2eds/bin/gnu/h-x86_64-mingw32/bin/../lib/gcc/nios2-elf/5.3.0/../../../../../H-x86_64-mingw32/nios2-elf/lib\libc.a(lib_a-strlen.o)
 .debug_line    0x0000000000003315      0x21c c:/intelfpga/16.1/nios2eds/bin/gnu/h-x86_64-mingw32/bin/../lib/gcc/nios2-elf/5.3.0/../../../../../H-x86_64-mingw32/nios2-elf/lib\libc.a(lib_a-__atexit.o)
 .debug_line    0x0000000000003531      0x237 c:/intelfpga/16.1/nios2eds/bin/gnu/h-x86_64-mingw32/bin/../lib/gcc/nios2-elf/5.3.0/../../../../../H-x86_64-mingw32/nios2-elf/lib\libc.a(lib_a-__call_atexit.o)
 .debug_line    0x0000000000003768      0x102 c:/intelfpga/16.1/nios2eds/bin/gnu/h-x86_64-mingw32/bin/../lib/gcc/nios2-elf/5.3.0\libgcc.a(lib2-divmod.o)
 .debug_line    0x000000000000386a       0x71 ../ass1v2_bsp/\libhal_bsp.a(alt_exit.o)

.debug_frame    0x0000000000000000      0xf78
 *(.debug_frame)
 .debug_frame   0x0000000000000000       0x5c ../ass1v2_bsp/\libhal_bsp.a(alt_load.o)
 .debug_frame   0x000000000000005c       0x2c ../ass1v2_bsp/\libhal_bsp.a(alt_main.o)
 .debug_frame   0x0000000000000088       0x88 ../ass1v2_bsp/\libhal_bsp.a(alt_sys_init.o)
 .debug_frame   0x0000000000000110       0xb0 ../ass1v2_bsp/\libhal_bsp.a(altera_avalon_jtag_uart_fd.o)
 .debug_frame   0x00000000000001c0       0xa4 ../ass1v2_bsp/\libhal_bsp.a(altera_avalon_jtag_uart_init.o)
 .debug_frame   0x0000000000000264       0x34 ../ass1v2_bsp/\libhal_bsp.a(altera_avalon_jtag_uart_ioctl.o)
 .debug_frame   0x0000000000000298       0x38 ../ass1v2_bsp/\libhal_bsp.a(altera_avalon_jtag_uart_read.o)
 .debug_frame   0x00000000000002d0       0x38 ../ass1v2_bsp/\libhal_bsp.a(altera_avalon_jtag_uart_write.o)
 .debug_frame   0x0000000000000308      0x178 ../ass1v2_bsp/\libhal_bsp.a(altera_avalon_lcd_16207.o)
 .debug_frame   0x0000000000000480       0x38 ../ass1v2_bsp/\libhal_bsp.a(altera_avalon_lcd_16207_fd.o)
 .debug_frame   0x00000000000004b8       0x60 ../ass1v2_bsp/\libhal_bsp.a(altera_avalon_timer_sc.o)
 .debug_frame   0x0000000000000518       0x88 ../ass1v2_bsp/\libhal_bsp.a(altera_avalon_uart_fd.o)
 .debug_frame   0x00000000000005a0       0xcc ../ass1v2_bsp/\libhal_bsp.a(altera_avalon_uart_init.o)
 .debug_frame   0x000000000000066c       0x60 ../ass1v2_bsp/\libhal_bsp.a(altera_avalon_uart_read.o)
 .debug_frame   0x00000000000006cc       0x60 ../ass1v2_bsp/\libhal_bsp.a(altera_avalon_uart_write.o)
 .debug_frame   0x000000000000072c       0x34 ../ass1v2_bsp/\libhal_bsp.a(alt_alarm_start.o)
 .debug_frame   0x0000000000000760       0x60 ../ass1v2_bsp/\libhal_bsp.a(alt_close.o)
 .debug_frame   0x00000000000007c0       0x34 ../ass1v2_bsp/\libhal_bsp.a(alt_dcache_flush_all.o)
 .debug_frame   0x00000000000007f4       0x34 ../ass1v2_bsp/\libhal_bsp.a(alt_dev.o)
 .debug_frame   0x0000000000000828       0x60 ../ass1v2_bsp/\libhal_bsp.a(alt_dev_llist_insert.o)
 .debug_frame   0x0000000000000888       0x38 ../ass1v2_bsp/\libhal_bsp.a(alt_do_ctors.o)
 .debug_frame   0x00000000000008c0       0x38 ../ass1v2_bsp/\libhal_bsp.a(alt_do_dtors.o)
 .debug_frame   0x00000000000008f8       0x38 ../ass1v2_bsp/\libhal_bsp.a(alt_icache_flush_all.o)
 .debug_frame   0x0000000000000930       0xa4 ../ass1v2_bsp/\libhal_bsp.a(alt_iic.o)
 .debug_frame   0x00000000000009d4       0x38 ../ass1v2_bsp/\libhal_bsp.a(alt_iic_isr_register.o)
 .debug_frame   0x0000000000000a0c       0x60 ../ass1v2_bsp/\libhal_bsp.a(alt_io_redirect.o)
 .debug_frame   0x0000000000000a6c       0x38 ../ass1v2_bsp/\libhal_bsp.a(alt_irq_handler.o)
 .debug_frame   0x0000000000000aa4       0x84 ../ass1v2_bsp/\libhal_bsp.a(alt_open.o)
 .debug_frame   0x0000000000000b28       0x34 ../ass1v2_bsp/\libhal_bsp.a(alt_release_fd.o)
 .debug_frame   0x0000000000000b5c       0x5c ../ass1v2_bsp/\libhal_bsp.a(alt_tick.o)
 .debug_frame   0x0000000000000bb8       0x38 ../ass1v2_bsp/\libhal_bsp.a(alt_usleep.o)
 .debug_frame   0x0000000000000bf0       0x34 ../ass1v2_bsp/\libhal_bsp.a(altera_nios2_gen2_irq.o)
 .debug_frame   0x0000000000000c24       0x38 ../ass1v2_bsp/\libhal_bsp.a(alt_busy_sleep.o)
 .debug_frame   0x0000000000000c5c       0x38 ../ass1v2_bsp/\libhal_bsp.a(alt_find_dev.o)
 .debug_frame   0x0000000000000c94       0x38 ../ass1v2_bsp/\libhal_bsp.a(alt_find_file.o)
 .debug_frame   0x0000000000000ccc       0x34 ../ass1v2_bsp/\libhal_bsp.a(alt_get_fd.o)
 .debug_frame   0x0000000000000d00       0x34 ../ass1v2_bsp/\libhal_bsp.a(alt_icache_flush.o)
 .debug_frame   0x0000000000000d34       0x5c ../ass1v2_bsp/\libhal_bsp.a(alt_instruction_exception_entry.o)
 .debug_frame   0x0000000000000d90       0x20 c:/intelfpga/16.1/nios2eds/bin/gnu/h-x86_64-mingw32/bin/../lib/gcc/nios2-elf/5.3.0/../../../../../H-x86_64-mingw32/nios2-elf/lib\libc.a(lib_a-atexit.o)
 .debug_frame   0x0000000000000db0       0x28 c:/intelfpga/16.1/nios2eds/bin/gnu/h-x86_64-mingw32/bin/../lib/gcc/nios2-elf/5.3.0/../../../../../H-x86_64-mingw32/nios2-elf/lib\libc.a(lib_a-exit.o)
 .debug_frame   0x0000000000000dd8       0x20 c:/intelfpga/16.1/nios2eds/bin/gnu/h-x86_64-mingw32/bin/../lib/gcc/nios2-elf/5.3.0/../../../../../H-x86_64-mingw32/nios2-elf/lib\libc.a(lib_a-memcmp.o)
 .debug_frame   0x0000000000000df8       0x38 c:/intelfpga/16.1/nios2eds/bin/gnu/h-x86_64-mingw32/bin/../lib/gcc/nios2-elf/5.3.0/../../../../../H-x86_64-mingw32/nios2-elf/lib\libc.a(lib_a-memcpy.o)
 .debug_frame   0x0000000000000e30       0x20 c:/intelfpga/16.1/nios2eds/bin/gnu/h-x86_64-mingw32/bin/../lib/gcc/nios2-elf/5.3.0/../../../../../H-x86_64-mingw32/nios2-elf/lib\libc.a(lib_a-memset.o)
 .debug_frame   0x0000000000000e50       0x20 c:/intelfpga/16.1/nios2eds/bin/gnu/h-x86_64-mingw32/bin/../lib/gcc/nios2-elf/5.3.0/../../../../../H-x86_64-mingw32/nios2-elf/lib\libc.a(lib_a-strlen.o)
 .debug_frame   0x0000000000000e70       0x38 c:/intelfpga/16.1/nios2eds/bin/gnu/h-x86_64-mingw32/bin/../lib/gcc/nios2-elf/5.3.0/../../../../../H-x86_64-mingw32/nios2-elf/lib\libc.a(lib_a-__atexit.o)
 .debug_frame   0x0000000000000ea8       0x54 c:/intelfpga/16.1/nios2eds/bin/gnu/h-x86_64-mingw32/bin/../lib/gcc/nios2-elf/5.3.0/../../../../../H-x86_64-mingw32/nios2-elf/lib\libc.a(lib_a-__call_atexit.o)
 .debug_frame   0x0000000000000efc       0x50 c:/intelfpga/16.1/nios2eds/bin/gnu/h-x86_64-mingw32/bin/../lib/gcc/nios2-elf/5.3.0\libgcc.a(lib2-divmod.o)
 .debug_frame   0x0000000000000f4c       0x2c ../ass1v2_bsp/\libhal_bsp.a(alt_exit.o)

.debug_str      0x0000000000000000     0x2263
 *(.debug_str)
 .debug_str     0x0000000000000000      0x1d7 ../ass1v2_bsp/\libhal_bsp.a(alt_load.o)
                                        0x210 (size before relaxing)
 .debug_str     0x00000000000001d7       0x70 ../ass1v2_bsp/\libhal_bsp.a(alt_main.o)
                                        0x19b (size before relaxing)
 .debug_str     0x0000000000000247      0x31b ../ass1v2_bsp/\libhal_bsp.a(alt_sys_init.o)
                                        0x4f7 (size before relaxing)
 .debug_str     0x0000000000000562       0xb9 ../ass1v2_bsp/\libhal_bsp.a(altera_avalon_jtag_uart_fd.o)
                                        0x3a2 (size before relaxing)
 .debug_str     0x000000000000061b       0xd1 ../ass1v2_bsp/\libhal_bsp.a(altera_avalon_jtag_uart_init.o)
                                        0x336 (size before relaxing)
 .debug_str     0x00000000000006ec       0x4a ../ass1v2_bsp/\libhal_bsp.a(altera_avalon_jtag_uart_ioctl.o)
                                        0x291 (size before relaxing)
 .debug_str     0x0000000000000736       0x7f ../ass1v2_bsp/\libhal_bsp.a(altera_avalon_jtag_uart_read.o)
                                        0x2e6 (size before relaxing)
 .debug_str     0x00000000000007b5       0x4a ../ass1v2_bsp/\libhal_bsp.a(altera_avalon_jtag_uart_write.o)
                                        0x2e7 (size before relaxing)
 .debug_str     0x00000000000007ff      0x1f9 ../ass1v2_bsp/\libhal_bsp.a(altera_avalon_lcd_16207.o)
                                        0x48d (size before relaxing)
 .debug_str     0x00000000000009f8       0x4a ../ass1v2_bsp/\libhal_bsp.a(altera_avalon_lcd_16207_fd.o)
                                        0x356 (size before relaxing)
 .debug_str     0x0000000000000a42       0x6d ../ass1v2_bsp/\libhal_bsp.a(altera_avalon_timer_sc.o)
                                        0x249 (size before relaxing)
 .debug_str     0x0000000000000aaf       0x77 ../ass1v2_bsp/\libhal_bsp.a(altera_avalon_uart_fd.o)
                                        0x2f3 (size before relaxing)
 .debug_str     0x0000000000000b26       0xb1 ../ass1v2_bsp/\libhal_bsp.a(altera_avalon_uart_init.o)
                                        0x2b5 (size before relaxing)
 .debug_str     0x0000000000000bd7       0x5d ../ass1v2_bsp/\libhal_bsp.a(altera_avalon_uart_read.o)
                                        0x296 (size before relaxing)
 .debug_str     0x0000000000000c34       0x49 ../ass1v2_bsp/\libhal_bsp.a(altera_avalon_uart_write.o)
                                        0x28a (size before relaxing)
 .debug_str     0x0000000000000c7d       0x59 ../ass1v2_bsp/\libhal_bsp.a(alt_alarm_start.o)
                                        0x27c (size before relaxing)
 .debug_str     0x0000000000000cd6       0x2c ../ass1v2_bsp/\libhal_bsp.a(alt_close.o)
                                        0x209 (size before relaxing)
 .debug_str     0x0000000000000d02       0x34 ../ass1v2_bsp/\libhal_bsp.a(alt_dcache_flush_all.o)
                                        0x153 (size before relaxing)
 .debug_str     0x0000000000000d36      0x120 ../ass1v2_bsp/\libhal_bsp.a(alt_dev.o)
                                        0x303 (size before relaxing)
 .debug_str     0x0000000000000e56       0x34 ../ass1v2_bsp/\libhal_bsp.a(alt_dev_llist_insert.o)
                                        0x1ca (size before relaxing)
 .debug_str     0x0000000000000e8a       0x48 ../ass1v2_bsp/\libhal_bsp.a(alt_do_ctors.o)
                                         0xce (size before relaxing)
 .debug_str     0x0000000000000ed2       0x4c ../ass1v2_bsp/\libhal_bsp.a(alt_do_dtors.o)
                                         0xcd (size before relaxing)
 .debug_str     0x0000000000000f1e       0x14 ../ass1v2_bsp/\libhal_bsp.a(alt_errno.o)
                                        0x143 (size before relaxing)
 .debug_str     0x0000000000000f32       0x34 ../ass1v2_bsp/\libhal_bsp.a(alt_icache_flush_all.o)
                                        0x153 (size before relaxing)
 .debug_str     0x0000000000000f66       0xbd ../ass1v2_bsp/\libhal_bsp.a(alt_iic.o)
                                        0x23c (size before relaxing)
 .debug_str     0x0000000000001023       0x4c ../ass1v2_bsp/\libhal_bsp.a(alt_iic_isr_register.o)
                                        0x1e6 (size before relaxing)
 .debug_str     0x000000000000106f       0x56 ../ass1v2_bsp/\libhal_bsp.a(alt_io_redirect.o)
                                        0x314 (size before relaxing)
 .debug_str     0x00000000000010c5       0x3a ../ass1v2_bsp/\libhal_bsp.a(alt_irq_handler.o)
                                        0x195 (size before relaxing)
 .debug_str     0x00000000000010ff       0x17 ../ass1v2_bsp/\libhal_bsp.a(alt_irq_vars.o)
                                        0x138 (size before relaxing)
 .debug_str     0x0000000000001116       0x2f ../ass1v2_bsp/\libhal_bsp.a(alt_open.o)
                                        0x249 (size before relaxing)
 .debug_str     0x0000000000001145       0x28 ../ass1v2_bsp/\libhal_bsp.a(alt_release_fd.o)
                                        0x1d1 (size before relaxing)
 .debug_str     0x000000000000116d       0x4a ../ass1v2_bsp/\libhal_bsp.a(alt_tick.o)
                                        0x250 (size before relaxing)
 .debug_str     0x00000000000011b7       0x27 ../ass1v2_bsp/\libhal_bsp.a(alt_usleep.o)
                                        0x146 (size before relaxing)
 .debug_str     0x00000000000011de       0x3b ../ass1v2_bsp/\libhal_bsp.a(altera_nios2_gen2_irq.o)
                                        0x15a (size before relaxing)
 .debug_str     0x0000000000001219       0x42 ../ass1v2_bsp/\libhal_bsp.a(alt_busy_sleep.o)
                                        0x169 (size before relaxing)
 .debug_str     0x000000000000125b       0x24 ../ass1v2_bsp/\libhal_bsp.a(alt_find_dev.o)
                                        0x1ea (size before relaxing)
 .debug_str     0x000000000000127f       0x26 ../ass1v2_bsp/\libhal_bsp.a(alt_find_file.o)
                                        0x1f8 (size before relaxing)
 .debug_str     0x00000000000012a5       0x30 ../ass1v2_bsp/\libhal_bsp.a(alt_get_fd.o)
                                        0x21a (size before relaxing)
 .debug_str     0x00000000000012d5       0x2c ../ass1v2_bsp/\libhal_bsp.a(alt_icache_flush.o)
                                        0x159 (size before relaxing)
 .debug_str     0x0000000000001301      0x48b ../ass1v2_bsp/\libhal_bsp.a(alt_instruction_exception_entry.o)
                                        0x59e (size before relaxing)
 .debug_str     0x000000000000178c      0x162 c:/intelfpga/16.1/nios2eds/bin/gnu/h-x86_64-mingw32/bin/../lib/gcc/nios2-elf/5.3.0/../../../../../H-x86_64-mingw32/nios2-elf/lib\libc.a(lib_a-atexit.o)
                                        0x207 (size before relaxing)
 .debug_str     0x00000000000018ee       0xcd c:/intelfpga/16.1/nios2eds/bin/gnu/h-x86_64-mingw32/bin/../lib/gcc/nios2-elf/5.3.0/../../../../../H-x86_64-mingw32/nios2-elf/lib\libc.a(lib_a-ctype_.o)
                                        0x149 (size before relaxing)
 .debug_str     0x00000000000019bb      0x3ac c:/intelfpga/16.1/nios2eds/bin/gnu/h-x86_64-mingw32/bin/../lib/gcc/nios2-elf/5.3.0/../../../../../H-x86_64-mingw32/nios2-elf/lib\libc.a(lib_a-exit.o)
                                        0x5a4 (size before relaxing)
 .debug_str     0x0000000000001d67       0xc8 c:/intelfpga/16.1/nios2eds/bin/gnu/h-x86_64-mingw32/bin/../lib/gcc/nios2-elf/5.3.0/../../../../../H-x86_64-mingw32/nios2-elf/lib\libc.a(lib_a-impure.o)
                                        0x59b (size before relaxing)
 .debug_str     0x0000000000001e2f       0x3c c:/intelfpga/16.1/nios2eds/bin/gnu/h-x86_64-mingw32/bin/../lib/gcc/nios2-elf/5.3.0/../../../../../H-x86_64-mingw32/nios2-elf/lib\libc.a(lib_a-int_errno.o)
                                        0x1c3 (size before relaxing)
 .debug_str     0x0000000000001e6b       0xcc c:/intelfpga/16.1/nios2eds/bin/gnu/h-x86_64-mingw32/bin/../lib/gcc/nios2-elf/5.3.0/../../../../../H-x86_64-mingw32/nios2-elf/lib\libc.a(lib_a-memcmp.o)
                                        0x1ca (size before relaxing)
 .debug_str     0x0000000000001f37       0x68 c:/intelfpga/16.1/nios2eds/bin/gnu/h-x86_64-mingw32/bin/../lib/gcc/nios2-elf/5.3.0/../../../../../H-x86_64-mingw32/nios2-elf/lib\libc.a(lib_a-memcpy.o)
                                        0x1f1 (size before relaxing)
 .debug_str     0x0000000000001f9f       0x4e c:/intelfpga/16.1/nios2eds/bin/gnu/h-x86_64-mingw32/bin/../lib/gcc/nios2-elf/5.3.0/../../../../../H-x86_64-mingw32/nios2-elf/lib\libc.a(lib_a-memset.o)
                                        0x1de (size before relaxing)
 .debug_str     0x0000000000001fed       0x41 c:/intelfpga/16.1/nios2eds/bin/gnu/h-x86_64-mingw32/bin/../lib/gcc/nios2-elf/5.3.0/../../../../../H-x86_64-mingw32/nios2-elf/lib\libc.a(lib_a-strlen.o)
                                        0x1dd (size before relaxing)
 .debug_str     0x000000000000202e       0x3c c:/intelfpga/16.1/nios2eds/bin/gnu/h-x86_64-mingw32/bin/../lib/gcc/nios2-elf/5.3.0/../../../../../H-x86_64-mingw32/nios2-elf/lib\libc.a(lib_a-__atexit.o)
                                        0x5dc (size before relaxing)
 .debug_str     0x000000000000206a       0x62 c:/intelfpga/16.1/nios2eds/bin/gnu/h-x86_64-mingw32/bin/../lib/gcc/nios2-elf/5.3.0/../../../../../H-x86_64-mingw32/nios2-elf/lib\libc.a(lib_a-__call_atexit.o)
                                        0x5c8 (size before relaxing)
 .debug_str     0x00000000000020cc      0x16d c:/intelfpga/16.1/nios2eds/bin/gnu/h-x86_64-mingw32/bin/../lib/gcc/nios2-elf/5.3.0\libgcc.a(lib2-divmod.o)
                                        0x1b8 (size before relaxing)
 .debug_str     0x0000000000002239       0x2a ../ass1v2_bsp/\libhal_bsp.a(alt_exit.o)
                                        0x14f (size before relaxing)

.debug_loc      0x0000000000000000      0xde4
 *(.debug_loc)
 .debug_loc     0x0000000000000000       0x2c c:/intelfpga/16.1/nios2eds/bin/gnu/h-x86_64-mingw32/bin/../lib/gcc/nios2-elf/5.3.0/../../../../../H-x86_64-mingw32/nios2-elf/lib\libc.a(lib_a-atexit.o)
 .debug_loc     0x000000000000002c       0x1e c:/intelfpga/16.1/nios2eds/bin/gnu/h-x86_64-mingw32/bin/../lib/gcc/nios2-elf/5.3.0/../../../../../H-x86_64-mingw32/nios2-elf/lib\libc.a(lib_a-exit.o)
 .debug_loc     0x000000000000004a      0x126 c:/intelfpga/16.1/nios2eds/bin/gnu/h-x86_64-mingw32/bin/../lib/gcc/nios2-elf/5.3.0/../../../../../H-x86_64-mingw32/nios2-elf/lib\libc.a(lib_a-memcmp.o)
 .debug_loc     0x0000000000000170      0x266 c:/intelfpga/16.1/nios2eds/bin/gnu/h-x86_64-mingw32/bin/../lib/gcc/nios2-elf/5.3.0/../../../../../H-x86_64-mingw32/nios2-elf/lib\libc.a(lib_a-memcpy.o)
 .debug_loc     0x00000000000003d6      0x1a6 c:/intelfpga/16.1/nios2eds/bin/gnu/h-x86_64-mingw32/bin/../lib/gcc/nios2-elf/5.3.0/../../../../../H-x86_64-mingw32/nios2-elf/lib\libc.a(lib_a-memset.o)
 .debug_loc     0x000000000000057c       0x47 c:/intelfpga/16.1/nios2eds/bin/gnu/h-x86_64-mingw32/bin/../lib/gcc/nios2-elf/5.3.0/../../../../../H-x86_64-mingw32/nios2-elf/lib\libc.a(lib_a-strlen.o)
 .debug_loc     0x00000000000005c3      0x185 c:/intelfpga/16.1/nios2eds/bin/gnu/h-x86_64-mingw32/bin/../lib/gcc/nios2-elf/5.3.0/../../../../../H-x86_64-mingw32/nios2-elf/lib\libc.a(lib_a-__atexit.o)
 .debug_loc     0x0000000000000748      0x1ce c:/intelfpga/16.1/nios2eds/bin/gnu/h-x86_64-mingw32/bin/../lib/gcc/nios2-elf/5.3.0/../../../../../H-x86_64-mingw32/nios2-elf/lib\libc.a(lib_a-__call_atexit.o)
 .debug_loc     0x0000000000000916      0x4ce c:/intelfpga/16.1/nios2eds/bin/gnu/h-x86_64-mingw32/bin/../lib/gcc/nios2-elf/5.3.0\libgcc.a(lib2-divmod.o)

.debug_macinfo
 *(.debug_macinfo)

.debug_weaknames
 *(.debug_weaknames)

.debug_funcnames
 *(.debug_funcnames)

.debug_typenames
 *(.debug_typenames)

.debug_varnames
 *(.debug_varnames)

.debug_alt_sim_info
                0x0000000000000000       0x60
 *(.debug_alt_sim_info)
 .debug_alt_sim_info
                0x0000000000000000       0x30 ../ass1v2_bsp//obj/HAL/src/crt0.o
 .debug_alt_sim_info
                0x0000000000000030       0x30 ../ass1v2_bsp/\libhal_bsp.a(alt_busy_sleep.o)
                0x0000000001000000                __alt_data_end = 0x1000000
                0x0000000001000000                PROVIDE (__alt_stack_pointer, __alt_data_end)
                [!provide]                        PROVIDE (__alt_stack_limit, __alt_stack_base)
                [!provide]                        PROVIDE (__alt_heap_start, end)
                [!provide]                        PROVIDE (__alt_heap_limit, 0x1000000)
OUTPUT(ass1v2.elf elf32-littlenios2)

.debug_ranges   0x0000000000000000      0x200
 .debug_ranges  0x0000000000000000       0x20 ../ass1v2_bsp//obj/HAL/src/crt0.o
 .debug_ranges  0x0000000000000020       0x30 ../ass1v2_bsp/\libhal_bsp.a(altera_avalon_jtag_uart_init.o)
 .debug_ranges  0x0000000000000050       0x18 ../ass1v2_bsp/\libhal_bsp.a(altera_avalon_jtag_uart_read.o)
 .debug_ranges  0x0000000000000068       0x18 ../ass1v2_bsp/\libhal_bsp.a(altera_avalon_lcd_16207.o)
 .debug_ranges  0x0000000000000080       0x28 ../ass1v2_bsp/\libhal_bsp.a(alt_irq_entry.o)
 .debug_ranges  0x00000000000000a8       0x10 ../ass1v2_bsp/\libhal_bsp.a(alt_irq_handler.o)
 .debug_ranges  0x00000000000000b8       0x30 ../ass1v2_bsp/\libhal_bsp.a(alt_exception_entry.o)
 .debug_ranges  0x00000000000000e8       0x18 ../ass1v2_bsp/\libhal_bsp.a(alt_instruction_exception_entry.o)
 .debug_ranges  0x0000000000000100       0x10 c:/intelfpga/16.1/nios2eds/bin/gnu/h-x86_64-mingw32/bin/../lib/gcc/nios2-elf/5.3.0/../../../../../H-x86_64-mingw32/nios2-elf/lib\libc.a(lib_a-atexit.o)
 .debug_ranges  0x0000000000000110       0x10 c:/intelfpga/16.1/nios2eds/bin/gnu/h-x86_64-mingw32/bin/../lib/gcc/nios2-elf/5.3.0/../../../../../H-x86_64-mingw32/nios2-elf/lib\libc.a(lib_a-exit.o)
 .debug_ranges  0x0000000000000120       0x10 c:/intelfpga/16.1/nios2eds/bin/gnu/h-x86_64-mingw32/bin/../lib/gcc/nios2-elf/5.3.0/../../../../../H-x86_64-mingw32/nios2-elf/lib\libc.a(lib_a-memcmp.o)
 .debug_ranges  0x0000000000000130       0x10 c:/intelfpga/16.1/nios2eds/bin/gnu/h-x86_64-mingw32/bin/../lib/gcc/nios2-elf/5.3.0/../../../../../H-x86_64-mingw32/nios2-elf/lib\libc.a(lib_a-memcpy.o)
 .debug_ranges  0x0000000000000140       0x10 c:/intelfpga/16.1/nios2eds/bin/gnu/h-x86_64-mingw32/bin/../lib/gcc/nios2-elf/5.3.0/../../../../../H-x86_64-mingw32/nios2-elf/lib\libc.a(lib_a-memset.o)
 .debug_ranges  0x0000000000000150       0x10 c:/intelfpga/16.1/nios2eds/bin/gnu/h-x86_64-mingw32/bin/../lib/gcc/nios2-elf/5.3.0/../../../../../H-x86_64-mingw32/nios2-elf/lib\libc.a(lib_a-strlen.o)